<?xml version="1.0" encoding="ISO-8859-1" ?>
<link_info>
   <banner>TI ARM Clang Linker PC v3.2.0.LTS</banner>
   <copyright>Copyright (c) 1996-2018 Texas Instruments Incorporated</copyright>
   <link_time>0x6580cad2</link_time>
   <link_errors>0x0</link_errors>
   <output_file>C:\Users\apurn\cc3220s-workspace\gpiointerrupt_CC3220S_LAUNCHXL_nortos_ticlang\MCU+Image\gpiointerrupt_CC3220S_LAUNCHXL_nortos_ticlang.out</output_file>
   <entry_point>
      <name>resetISR</name>
      <address>0x20011415</address>
   </entry_point>
   <input_file_list>
      <input_file id="fl-1">
         <path>C:\Users\apurn\cc3220s-workspace\gpiointerrupt_CC3220S_LAUNCHXL_nortos_ticlang\MCU+Image\.\</path>
         <kind>object</kind>
         <file>gpiointerrupt.o</file>
         <name>gpiointerrupt.o</name>
      </input_file>
      <input_file id="fl-2">
         <path>C:\Users\apurn\cc3220s-workspace\gpiointerrupt_CC3220S_LAUNCHXL_nortos_ticlang\MCU+Image\.\syscfg\</path>
         <kind>object</kind>
         <file>ti_drivers_config.o</file>
         <name>ti_drivers_config.o</name>
      </input_file>
      <input_file id="fl-3">
         <path>C:\Users\apurn\cc3220s-workspace\gpiointerrupt_CC3220S_LAUNCHXL_nortos_ticlang\MCU+Image\.\</path>
         <kind>object</kind>
         <file>main_nortos.o</file>
         <name>main_nortos.o</name>
      </input_file>
      <input_file id="fl-13">
         <path>C:\Users\apurn\cc3220s-workspace\gpiointerrupt_CC3220S_LAUNCHXL_nortos_ticlang\MCU+Image\</path>
         <kind>object</kind>
         <file>&lt;internal&gt;</file>
         <name>&lt;internal&gt;</name>
      </input_file>
      <input_file id="fl-14">
         <path>C:\ti\simplelink_cc32xx_sdk_7_10_00_13\source\ti\drivers\lib\ticlang\m4\</path>
         <kind>archive</kind>
         <file>drivers_cc32xx.a</file>
         <name>GPIO.c.obj</name>
      </input_file>
      <input_file id="fl-15">
         <path>C:\ti\simplelink_cc32xx_sdk_7_10_00_13\source\ti\drivers\lib\ticlang\m4\</path>
         <kind>archive</kind>
         <file>drivers_cc32xx.a</file>
         <name>GPIOCC32XX.c.obj</name>
      </input_file>
      <input_file id="fl-16">
         <path>C:\ti\simplelink_cc32xx_sdk_7_10_00_13\source\ti\drivers\lib\ticlang\m4\</path>
         <kind>archive</kind>
         <file>drivers_cc32xx.a</file>
         <name>I2C.c.obj</name>
      </input_file>
      <input_file id="fl-17">
         <path>C:\ti\simplelink_cc32xx_sdk_7_10_00_13\source\ti\drivers\lib\ticlang\m4\</path>
         <kind>archive</kind>
         <file>drivers_cc32xx.a</file>
         <name>I2CCC32XX.c.obj</name>
      </input_file>
      <input_file id="fl-18">
         <path>C:\ti\simplelink_cc32xx_sdk_7_10_00_13\source\ti\drivers\lib\ticlang\m4\</path>
         <kind>archive</kind>
         <file>drivers_cc32xx.a</file>
         <name>PowerCC32XX.c.obj</name>
      </input_file>
      <input_file id="fl-19">
         <path>C:\ti\simplelink_cc32xx_sdk_7_10_00_13\source\ti\drivers\lib\ticlang\m4\</path>
         <kind>archive</kind>
         <file>drivers_cc32xx.a</file>
         <name>PowerCC32XX_ticlang.asm.obj</name>
      </input_file>
      <input_file id="fl-1a">
         <path>C:\ti\simplelink_cc32xx_sdk_7_10_00_13\source\ti\drivers\lib\ticlang\m4\</path>
         <kind>archive</kind>
         <file>drivers_cc32xx.a</file>
         <name>Timer.c.obj</name>
      </input_file>
      <input_file id="fl-1b">
         <path>C:\ti\simplelink_cc32xx_sdk_7_10_00_13\source\ti\drivers\lib\ticlang\m4\</path>
         <kind>archive</kind>
         <file>drivers_cc32xx.a</file>
         <name>TimerCC32XX.c.obj</name>
      </input_file>
      <input_file id="fl-1c">
         <path>C:\ti\simplelink_cc32xx_sdk_7_10_00_13\source\ti\drivers\lib\ticlang\m4\</path>
         <kind>archive</kind>
         <file>drivers_cc32xx.a</file>
         <name>UART2.c.obj</name>
      </input_file>
      <input_file id="fl-1d">
         <path>C:\ti\simplelink_cc32xx_sdk_7_10_00_13\source\ti\drivers\lib\ticlang\m4\</path>
         <kind>archive</kind>
         <file>drivers_cc32xx.a</file>
         <name>UART2CC32XX.c.obj</name>
      </input_file>
      <input_file id="fl-1e">
         <path>C:\ti\simplelink_cc32xx_sdk_7_10_00_13\source\ti\drivers\lib\ticlang\m4\</path>
         <kind>archive</kind>
         <file>drivers_cc32xx.a</file>
         <name>List.c.obj</name>
      </input_file>
      <input_file id="fl-1f">
         <path>C:\ti\simplelink_cc32xx_sdk_7_10_00_13\source\ti\drivers\lib\ticlang\m4\</path>
         <kind>archive</kind>
         <file>drivers_cc32xx.a</file>
         <name>RingBuf.c.obj</name>
      </input_file>
      <input_file id="fl-20">
         <path>C:\ti\simplelink_cc32xx_sdk_7_10_00_13\source\ti\drivers\lib\ticlang\m4\</path>
         <kind>archive</kind>
         <file>drivers_cc32xx.a</file>
         <name>UDMACC32XX.c.obj</name>
      </input_file>
      <input_file id="fl-21">
         <path>C:\ti\simplelink_cc32xx_sdk_7_10_00_13\kernel\nortos\lib\ticlang\m4\</path>
         <kind>archive</kind>
         <file>nortos_cc32xx.a</file>
         <name>NoRTOS.c.obj</name>
      </input_file>
      <input_file id="fl-22">
         <path>C:\ti\simplelink_cc32xx_sdk_7_10_00_13\kernel\nortos\lib\ticlang\m4\</path>
         <kind>archive</kind>
         <file>nortos_cc32xx.a</file>
         <name>SemaphoreP_nortos.c.obj</name>
      </input_file>
      <input_file id="fl-23">
         <path>C:\ti\simplelink_cc32xx_sdk_7_10_00_13\kernel\nortos\lib\ticlang\m4\</path>
         <kind>archive</kind>
         <file>nortos_cc32xx.a</file>
         <name>ClockPSysTick_nortos.c.obj</name>
      </input_file>
      <input_file id="fl-24">
         <path>C:\ti\simplelink_cc32xx_sdk_7_10_00_13\kernel\nortos\lib\ticlang\m4\</path>
         <kind>archive</kind>
         <file>nortos_cc32xx.a</file>
         <name>HwiPCC32XX_nortos.c.obj</name>
      </input_file>
      <input_file id="fl-25">
         <path>C:\ti\simplelink_cc32xx_sdk_7_10_00_13\kernel\nortos\lib\ticlang\m4\</path>
         <kind>archive</kind>
         <file>nortos_cc32xx.a</file>
         <name>PowerCC32XX_nortos.c.obj</name>
      </input_file>
      <input_file id="fl-26">
         <path>C:\ti\simplelink_cc32xx_sdk_7_10_00_13\kernel\nortos\lib\ticlang\m4\</path>
         <kind>archive</kind>
         <file>nortos_cc32xx.a</file>
         <name>startup_cc32xx_ticlang.c.obj</name>
      </input_file>
      <input_file id="fl-27">
         <path>C:\ti\simplelink_cc32xx_sdk_7_10_00_13\kernel\nortos\lib\ticlang\m4\</path>
         <kind>archive</kind>
         <file>nortos_cc32xx.a</file>
         <name>SwiP_nortos.c.obj</name>
      </input_file>
      <input_file id="fl-28">
         <path>C:\ti\simplelink_cc32xx_sdk_7_10_00_13\source\ti\devices\cc32xx\driverlib\ticlang\Release\</path>
         <kind>archive</kind>
         <file>driverlib.a</file>
         <name>cpu.obj</name>
      </input_file>
      <input_file id="fl-29">
         <path>C:\ti\simplelink_cc32xx_sdk_7_10_00_13\source\ti\devices\cc32xx\driverlib\ticlang\Release\</path>
         <kind>archive</kind>
         <file>driverlib.a</file>
         <name>gpio.obj</name>
      </input_file>
      <input_file id="fl-2a">
         <path>C:\ti\simplelink_cc32xx_sdk_7_10_00_13\source\ti\devices\cc32xx\driverlib\ticlang\Release\</path>
         <kind>archive</kind>
         <file>driverlib.a</file>
         <name>hwspinlock.obj</name>
      </input_file>
      <input_file id="fl-2b">
         <path>C:\ti\simplelink_cc32xx_sdk_7_10_00_13\source\ti\devices\cc32xx\driverlib\ticlang\Release\</path>
         <kind>archive</kind>
         <file>driverlib.a</file>
         <name>i2c.obj</name>
      </input_file>
      <input_file id="fl-2c">
         <path>C:\ti\simplelink_cc32xx_sdk_7_10_00_13\source\ti\devices\cc32xx\driverlib\ticlang\Release\</path>
         <kind>archive</kind>
         <file>driverlib.a</file>
         <name>interrupt.obj</name>
      </input_file>
      <input_file id="fl-2d">
         <path>C:\ti\simplelink_cc32xx_sdk_7_10_00_13\source\ti\devices\cc32xx\driverlib\ticlang\Release\</path>
         <kind>archive</kind>
         <file>driverlib.a</file>
         <name>pin.obj</name>
      </input_file>
      <input_file id="fl-2e">
         <path>C:\ti\simplelink_cc32xx_sdk_7_10_00_13\source\ti\devices\cc32xx\driverlib\ticlang\Release\</path>
         <kind>archive</kind>
         <file>driverlib.a</file>
         <name>prcm.obj</name>
      </input_file>
      <input_file id="fl-2f">
         <path>C:\ti\simplelink_cc32xx_sdk_7_10_00_13\source\ti\devices\cc32xx\driverlib\ticlang\Release\</path>
         <kind>archive</kind>
         <file>driverlib.a</file>
         <name>spi.obj</name>
      </input_file>
      <input_file id="fl-30">
         <path>C:\ti\simplelink_cc32xx_sdk_7_10_00_13\source\ti\devices\cc32xx\driverlib\ticlang\Release\</path>
         <kind>archive</kind>
         <file>driverlib.a</file>
         <name>systick.obj</name>
      </input_file>
      <input_file id="fl-31">
         <path>C:\ti\simplelink_cc32xx_sdk_7_10_00_13\source\ti\devices\cc32xx\driverlib\ticlang\Release\</path>
         <kind>archive</kind>
         <file>driverlib.a</file>
         <name>timer.obj</name>
      </input_file>
      <input_file id="fl-32">
         <path>C:\ti\simplelink_cc32xx_sdk_7_10_00_13\source\ti\devices\cc32xx\driverlib\ticlang\Release\</path>
         <kind>archive</kind>
         <file>driverlib.a</file>
         <name>uart.obj</name>
      </input_file>
      <input_file id="fl-33">
         <path>C:\ti\simplelink_cc32xx_sdk_7_10_00_13\source\ti\devices\cc32xx\driverlib\ticlang\Release\</path>
         <kind>archive</kind>
         <file>driverlib.a</file>
         <name>udma.obj</name>
      </input_file>
      <input_file id="fl-34">
         <path>C:\ti\simplelink_cc32xx_sdk_7_10_00_13\source\ti\devices\cc32xx\driverlib\ticlang\Release\</path>
         <kind>archive</kind>
         <file>driverlib.a</file>
         <name>utils.obj</name>
      </input_file>
      <input_file id="fl-35">
         <path>C:\ti\simplelink_cc32xx_sdk_7_10_00_13\source\ti\devices\cc32xx\driverlib\ticlang\Release\</path>
         <kind>archive</kind>
         <file>driverlib.a</file>
         <name>flash.obj</name>
      </input_file>
      <input_file id="fl-42">
         <path>C:\ti\ccs1250\ccs\tools\compiler\ti-cgt-armllvm_3.2.0.LTS\lib\armv7em-ti-none-eabi\c\</path>
         <kind>archive</kind>
         <file>libc.a</file>
         <name>snprintf.c.obj</name>
      </input_file>
      <input_file id="fl-43">
         <path>C:\ti\ccs1250\ccs\tools\compiler\ti-cgt-armllvm_3.2.0.LTS\lib\armv7em-ti-none-eabi\c\</path>
         <kind>archive</kind>
         <file>libc.a</file>
         <name>memory.c.obj</name>
      </input_file>
      <input_file id="fl-44">
         <path>C:\ti\ccs1250\ccs\tools\compiler\ti-cgt-armllvm_3.2.0.LTS\lib\armv7em-ti-none-eabi\c\</path>
         <kind>archive</kind>
         <file>libc.a</file>
         <name>boot_cortex_m.c.obj</name>
      </input_file>
      <input_file id="fl-45">
         <path>C:\ti\ccs1250\ccs\tools\compiler\ti-cgt-armllvm_3.2.0.LTS\lib\armv7em-ti-none-eabi\c\</path>
         <kind>archive</kind>
         <file>libc.a</file>
         <name>mathacl_init.c.obj</name>
      </input_file>
      <input_file id="fl-46">
         <path>C:\ti\ccs1250\ccs\tools\compiler\ti-cgt-armllvm_3.2.0.LTS\lib\armv7em-ti-none-eabi\c\</path>
         <kind>archive</kind>
         <file>libc.a</file>
         <name>autoinit.c.obj</name>
      </input_file>
      <input_file id="fl-47">
         <path>C:\ti\ccs1250\ccs\tools\compiler\ti-cgt-armllvm_3.2.0.LTS\lib\armv7em-ti-none-eabi\c\</path>
         <kind>archive</kind>
         <file>libc.a</file>
         <name>pre_init.c.obj</name>
      </input_file>
      <input_file id="fl-48">
         <path>C:\ti\ccs1250\ccs\tools\compiler\ti-cgt-armllvm_3.2.0.LTS\lib\armv7em-ti-none-eabi\c\</path>
         <kind>archive</kind>
         <file>libc.a</file>
         <name>cpy_tbl.c.obj</name>
      </input_file>
      <input_file id="fl-49">
         <path>C:\ti\ccs1250\ccs\tools\compiler\ti-cgt-armllvm_3.2.0.LTS\lib\armv7em-ti-none-eabi\c\</path>
         <kind>archive</kind>
         <file>libc.a</file>
         <name>copy_zero_init.c.obj</name>
      </input_file>
      <input_file id="fl-4a">
         <path>C:\ti\ccs1250\ccs\tools\compiler\ti-cgt-armllvm_3.2.0.LTS\lib\armv7em-ti-none-eabi\c\</path>
         <kind>archive</kind>
         <file>libc.a</file>
         <name>copy_decompress_none.c.obj</name>
      </input_file>
      <input_file id="fl-4b">
         <path>C:\ti\ccs1250\ccs\tools\compiler\ti-cgt-armllvm_3.2.0.LTS\lib\armv7em-ti-none-eabi\c\</path>
         <kind>archive</kind>
         <file>libc.a</file>
         <name>copy_decompress_lzss.c.obj</name>
      </input_file>
      <input_file id="fl-4c">
         <path>C:\ti\ccs1250\ccs\tools\compiler\ti-cgt-armllvm_3.2.0.LTS\lib\armv7em-ti-none-eabi\c\</path>
         <kind>archive</kind>
         <file>libc.a</file>
         <name>_printfi.c.obj</name>
      </input_file>
      <input_file id="fl-4d">
         <path>C:\ti\ccs1250\ccs\tools\compiler\ti-cgt-armllvm_3.2.0.LTS\lib\armv7em-ti-none-eabi\c\</path>
         <kind>archive</kind>
         <file>libc.a</file>
         <name>wcslen.c.obj</name>
      </input_file>
      <input_file id="fl-4e">
         <path>C:\ti\ccs1250\ccs\tools\compiler\ti-cgt-armllvm_3.2.0.LTS\lib\armv7em-ti-none-eabi\c\</path>
         <kind>archive</kind>
         <file>libc.a</file>
         <name>aeabi_portable.c.obj</name>
      </input_file>
      <input_file id="fl-4f">
         <path>C:\ti\ccs1250\ccs\tools\compiler\ti-cgt-armllvm_3.2.0.LTS\lib\armv7em-ti-none-eabi\c\</path>
         <kind>archive</kind>
         <file>libc.a</file>
         <name>exit.c.obj</name>
      </input_file>
      <input_file id="fl-50">
         <path>C:\ti\ccs1250\ccs\tools\compiler\ti-cgt-armllvm_3.2.0.LTS\lib\armv7em-ti-none-eabi\c\</path>
         <kind>archive</kind>
         <file>libc.a</file>
         <name>_lock.c.obj</name>
      </input_file>
      <input_file id="fl-51">
         <path>C:\ti\ccs1250\ccs\tools\compiler\ti-cgt-armllvm_3.2.0.LTS\lib\armv7em-ti-none-eabi\c\</path>
         <kind>archive</kind>
         <file>libc.a</file>
         <name>_ltoa.c.obj</name>
      </input_file>
      <input_file id="fl-52">
         <path>C:\ti\ccs1250\ccs\tools\compiler\ti-cgt-armllvm_3.2.0.LTS\lib\armv7em-ti-none-eabi\c\</path>
         <kind>archive</kind>
         <file>libc.a</file>
         <name>args_main.c.obj</name>
      </input_file>
      <input_file id="fl-53">
         <path>C:\ti\ccs1250\ccs\tools\compiler\ti-cgt-armllvm_3.2.0.LTS\lib\armv7em-ti-none-eabi\c\</path>
         <kind>archive</kind>
         <file>libc.a</file>
         <name>assert.c.obj</name>
      </input_file>
      <input_file id="fl-54">
         <path>C:\ti\ccs1250\ccs\tools\compiler\ti-cgt-armllvm_3.2.0.LTS\lib\armv7em-ti-none-eabi\c\</path>
         <kind>archive</kind>
         <file>libc.a</file>
         <name>atoi.c.obj</name>
      </input_file>
      <input_file id="fl-55">
         <path>C:\ti\ccs1250\ccs\tools\compiler\ti-cgt-armllvm_3.2.0.LTS\lib\armv7em-ti-none-eabi\c\</path>
         <kind>archive</kind>
         <file>libc.a</file>
         <name>defs.c.obj</name>
      </input_file>
      <input_file id="fl-56">
         <path>C:\ti\ccs1250\ccs\tools\compiler\ti-cgt-armllvm_3.2.0.LTS\lib\armv7em-ti-none-eabi\c\</path>
         <kind>archive</kind>
         <file>libc.a</file>
         <name>memccpy.c.obj</name>
      </input_file>
      <input_file id="fl-57">
         <path>C:\ti\ccs1250\ccs\tools\compiler\ti-cgt-armllvm_3.2.0.LTS\lib\armv7em-ti-none-eabi\c\</path>
         <kind>archive</kind>
         <file>libc.a</file>
         <name>s_frexp.c.obj</name>
      </input_file>
      <input_file id="fl-58">
         <path>C:\ti\ccs1250\ccs\tools\compiler\ti-cgt-armllvm_3.2.0.LTS\lib\armv7em-ti-none-eabi\c\</path>
         <kind>archive</kind>
         <file>libc.a</file>
         <name>s_scalbn.c.obj</name>
      </input_file>
      <input_file id="fl-59">
         <path>C:\ti\ccs1250\ccs\tools\compiler\ti-cgt-armllvm_3.2.0.LTS\lib\armv7em-ti-none-eabi\c\</path>
         <kind>archive</kind>
         <file>libc.a</file>
         <name>sprintf.c.obj</name>
      </input_file>
      <input_file id="fl-5a">
         <path>C:\ti\ccs1250\ccs\tools\compiler\ti-cgt-armllvm_3.2.0.LTS\lib\armv7em-ti-none-eabi\c\</path>
         <kind>archive</kind>
         <file>libc.a</file>
         <name>fflush.c.obj</name>
      </input_file>
      <input_file id="fl-5b">
         <path>C:\ti\ccs1250\ccs\tools\compiler\ti-cgt-armllvm_3.2.0.LTS\lib\armv7em-ti-none-eabi\c\</path>
         <kind>archive</kind>
         <file>libc.a</file>
         <name>fputs.c.obj</name>
      </input_file>
      <input_file id="fl-5c">
         <path>C:\ti\ccs1250\ccs\tools\compiler\ti-cgt-armllvm_3.2.0.LTS\lib\armv7em-ti-none-eabi\c\</path>
         <kind>archive</kind>
         <file>libc.a</file>
         <name>_io_perm.c.obj</name>
      </input_file>
      <input_file id="fl-5d">
         <path>C:\ti\ccs1250\ccs\tools\compiler\ti-cgt-armllvm_3.2.0.LTS\lib\armv7em-ti-none-eabi\c\</path>
         <kind>archive</kind>
         <file>libc.a</file>
         <name>setvbuf.c.obj</name>
      </input_file>
      <input_file id="fl-5e">
         <path>C:\ti\ccs1250\ccs\tools\compiler\ti-cgt-armllvm_3.2.0.LTS\lib\armv7em-ti-none-eabi\c\</path>
         <kind>archive</kind>
         <file>libc.a</file>
         <name>aeabi_ctype.S.obj</name>
      </input_file>
      <input_file id="fl-5f">
         <path>C:\ti\ccs1250\ccs\tools\compiler\ti-cgt-armllvm_3.2.0.LTS\lib\armv7em-ti-none-eabi\c\</path>
         <kind>archive</kind>
         <file>libc.a</file>
         <name>fopen.c.obj</name>
      </input_file>
      <input_file id="fl-60">
         <path>C:\ti\ccs1250\ccs\tools\compiler\ti-cgt-armllvm_3.2.0.LTS\lib\armv7em-ti-none-eabi\c\</path>
         <kind>archive</kind>
         <file>libc.a</file>
         <name>fseek.c.obj</name>
      </input_file>
      <input_file id="fl-61">
         <path>C:\ti\ccs1250\ccs\tools\compiler\ti-cgt-armllvm_3.2.0.LTS\lib\armv7em-ti-none-eabi\c\</path>
         <kind>archive</kind>
         <file>libc.a</file>
         <name>fclose.c.obj</name>
      </input_file>
      <input_file id="fl-c5">
         <path>C:\ti\ccs1250\ccs\tools\compiler\ti-cgt-armllvm_3.2.0.LTS\lib\armv7em-ti-none-eabi\c\</path>
         <kind>archive</kind>
         <file>libsysbm.a</file>
         <name>write.c.obj</name>
      </input_file>
      <input_file id="fl-c6">
         <path>C:\ti\ccs1250\ccs\tools\compiler\ti-cgt-armllvm_3.2.0.LTS\lib\armv7em-ti-none-eabi\c\</path>
         <kind>archive</kind>
         <file>libsysbm.a</file>
         <name>host_device.c.obj</name>
      </input_file>
      <input_file id="fl-c7">
         <path>C:\ti\ccs1250\ccs\tools\compiler\ti-cgt-armllvm_3.2.0.LTS\lib\armv7em-ti-none-eabi\c\</path>
         <kind>archive</kind>
         <file>libsysbm.a</file>
         <name>remove.c.obj</name>
      </input_file>
      <input_file id="fl-c8">
         <path>C:\ti\ccs1250\ccs\tools\compiler\ti-cgt-armllvm_3.2.0.LTS\lib\armv7em-ti-none-eabi\c\</path>
         <kind>archive</kind>
         <file>libsysbm.a</file>
         <name>open.c.obj</name>
      </input_file>
      <input_file id="fl-c9">
         <path>C:\ti\ccs1250\ccs\tools\compiler\ti-cgt-armllvm_3.2.0.LTS\lib\armv7em-ti-none-eabi\c\</path>
         <kind>archive</kind>
         <file>libsysbm.a</file>
         <name>lseek.c.obj</name>
      </input_file>
      <input_file id="fl-ca">
         <path>C:\ti\ccs1250\ccs\tools\compiler\ti-cgt-armllvm_3.2.0.LTS\lib\armv7em-ti-none-eabi\c\</path>
         <kind>archive</kind>
         <file>libsysbm.a</file>
         <name>close.c.obj</name>
      </input_file>
      <input_file id="fl-cb">
         <path>C:\ti\ccs1250\ccs\tools\compiler\ti-cgt-armllvm_3.2.0.LTS\lib\armv7em-ti-none-eabi\c\</path>
         <kind>archive</kind>
         <file>libsysbm.a</file>
         <name>unlink.c.obj</name>
      </input_file>
      <input_file id="fl-cc">
         <path>C:\ti\ccs1250\ccs\tools\compiler\ti-cgt-armllvm_3.2.0.LTS\lib\armv7em-ti-none-eabi\c\</path>
         <kind>archive</kind>
         <file>libsysbm.a</file>
         <name>hostclose.c.obj</name>
      </input_file>
      <input_file id="fl-cd">
         <path>C:\ti\ccs1250\ccs\tools\compiler\ti-cgt-armllvm_3.2.0.LTS\lib\armv7em-ti-none-eabi\c\</path>
         <kind>archive</kind>
         <file>libsysbm.a</file>
         <name>hostlseek.c.obj</name>
      </input_file>
      <input_file id="fl-ce">
         <path>C:\ti\ccs1250\ccs\tools\compiler\ti-cgt-armllvm_3.2.0.LTS\lib\armv7em-ti-none-eabi\c\</path>
         <kind>archive</kind>
         <file>libsysbm.a</file>
         <name>hostopen.c.obj</name>
      </input_file>
      <input_file id="fl-cf">
         <path>C:\ti\ccs1250\ccs\tools\compiler\ti-cgt-armllvm_3.2.0.LTS\lib\armv7em-ti-none-eabi\c\</path>
         <kind>archive</kind>
         <file>libsysbm.a</file>
         <name>hostread.c.obj</name>
      </input_file>
      <input_file id="fl-d0">
         <path>C:\ti\ccs1250\ccs\tools\compiler\ti-cgt-armllvm_3.2.0.LTS\lib\armv7em-ti-none-eabi\c\</path>
         <kind>archive</kind>
         <file>libsysbm.a</file>
         <name>hostrename.c.obj</name>
      </input_file>
      <input_file id="fl-d1">
         <path>C:\ti\ccs1250\ccs\tools\compiler\ti-cgt-armllvm_3.2.0.LTS\lib\armv7em-ti-none-eabi\c\</path>
         <kind>archive</kind>
         <file>libsysbm.a</file>
         <name>hostunlink.c.obj</name>
      </input_file>
      <input_file id="fl-d2">
         <path>C:\ti\ccs1250\ccs\tools\compiler\ti-cgt-armllvm_3.2.0.LTS\lib\armv7em-ti-none-eabi\c\</path>
         <kind>archive</kind>
         <file>libsysbm.a</file>
         <name>hostwrite.c.obj</name>
      </input_file>
      <input_file id="fl-d3">
         <path>C:\ti\ccs1250\ccs\tools\compiler\ti-cgt-armllvm_3.2.0.LTS\lib\armv7em-ti-none-eabi\c\</path>
         <kind>archive</kind>
         <file>libsysbm.a</file>
         <name>trgmsg.c.obj</name>
      </input_file>
      <input_file id="fl-d4">
         <path>C:\ti\ccs1250\ccs\tools\compiler\ti-cgt-armllvm_3.2.0.LTS\lib\clang\15.0.7\lib\armv7em-ti-none-eabi\</path>
         <kind>archive</kind>
         <file>libclang_rt.builtins.a</file>
         <name>adddf3.S.obj</name>
      </input_file>
      <input_file id="fl-d5">
         <path>C:\ti\ccs1250\ccs\tools\compiler\ti-cgt-armllvm_3.2.0.LTS\lib\clang\15.0.7\lib\armv7em-ti-none-eabi\</path>
         <kind>archive</kind>
         <file>libclang_rt.builtins.a</file>
         <name>muldf3.S.obj</name>
      </input_file>
      <input_file id="fl-d6">
         <path>C:\ti\ccs1250\ccs\tools\compiler\ti-cgt-armllvm_3.2.0.LTS\lib\clang\15.0.7\lib\armv7em-ti-none-eabi\</path>
         <kind>archive</kind>
         <file>libclang_rt.builtins.a</file>
         <name>divdf3.S.obj</name>
      </input_file>
      <input_file id="fl-d7">
         <path>C:\ti\ccs1250\ccs\tools\compiler\ti-cgt-armllvm_3.2.0.LTS\lib\clang\15.0.7\lib\armv7em-ti-none-eabi\</path>
         <kind>archive</kind>
         <file>libclang_rt.builtins.a</file>
         <name>fixdfsi.S.obj</name>
      </input_file>
      <input_file id="fl-d8">
         <path>C:\ti\ccs1250\ccs\tools\compiler\ti-cgt-armllvm_3.2.0.LTS\lib\clang\15.0.7\lib\armv7em-ti-none-eabi\</path>
         <kind>archive</kind>
         <file>libclang_rt.builtins.a</file>
         <name>floatsidf.S.obj</name>
      </input_file>
      <input_file id="fl-d9">
         <path>C:\ti\ccs1250\ccs\tools\compiler\ti-cgt-armllvm_3.2.0.LTS\lib\clang\15.0.7\lib\armv7em-ti-none-eabi\</path>
         <kind>archive</kind>
         <file>libclang_rt.builtins.a</file>
         <name>aeabi_dcmp.S.obj</name>
      </input_file>
      <input_file id="fl-da">
         <path>C:\ti\ccs1250\ccs\tools\compiler\ti-cgt-armllvm_3.2.0.LTS\lib\clang\15.0.7\lib\armv7em-ti-none-eabi\</path>
         <kind>archive</kind>
         <file>libclang_rt.builtins.a</file>
         <name>aeabi_memcpy.S.obj</name>
      </input_file>
      <input_file id="fl-db">
         <path>C:\ti\ccs1250\ccs\tools\compiler\ti-cgt-armllvm_3.2.0.LTS\lib\clang\15.0.7\lib\armv7em-ti-none-eabi\</path>
         <kind>archive</kind>
         <file>libclang_rt.builtins.a</file>
         <name>aeabi_memset.S.obj</name>
      </input_file>
      <input_file id="fl-dc">
         <path>C:\ti\ccs1250\ccs\tools\compiler\ti-cgt-armllvm_3.2.0.LTS\lib\clang\15.0.7\lib\armv7em-ti-none-eabi\</path>
         <kind>archive</kind>
         <file>libclang_rt.builtins.a</file>
         <name>aeabi_uldivmod.S.obj</name>
      </input_file>
      <input_file id="fl-dd">
         <path>C:\ti\ccs1250\ccs\tools\compiler\ti-cgt-armllvm_3.2.0.LTS\lib\clang\15.0.7\lib\armv7em-ti-none-eabi\</path>
         <kind>archive</kind>
         <file>libclang_rt.builtins.a</file>
         <name>udivmoddi4.S.obj</name>
      </input_file>
      <input_file id="fl-de">
         <path>C:\ti\ccs1250\ccs\tools\compiler\ti-cgt-armllvm_3.2.0.LTS\lib\clang\15.0.7\lib\armv7em-ti-none-eabi\</path>
         <kind>archive</kind>
         <file>libclang_rt.builtins.a</file>
         <name>comparedf2.c.obj</name>
      </input_file>
      <input_file id="fl-df">
         <path>C:\ti\ccs1250\ccs\tools\compiler\ti-cgt-armllvm_3.2.0.LTS\lib\clang\15.0.7\lib\armv7em-ti-none-eabi\</path>
         <kind>archive</kind>
         <file>libclang_rt.builtins.a</file>
         <name>aeabi_div0.c.obj</name>
      </input_file>
      <input_file id="fl-e0">
         <path>C:\ti\ccs1250\ccs\tools\compiler\ti-cgt-armllvm_3.2.0.LTS\lib\armv7em-ti-none-eabi\c\</path>
         <kind>archive</kind>
         <file>libc.a</file>
         <name>getdevice.c.obj</name>
      </input_file>
      <input_file id="fl-e1">
         <path>C:\ti\ccs1250\ccs\tools\compiler\ti-cgt-armllvm_3.2.0.LTS\lib\armv7em-ti-none-eabi\c\</path>
         <kind>archive</kind>
         <file>libc.a</file>
         <name>strcmp_t2.S.obj</name>
      </input_file>
      <input_file id="fl-e2">
         <path>C:\ti\ccs1250\ccs\tools\compiler\ti-cgt-armllvm_3.2.0.LTS\lib\armv7em-ti-none-eabi\c\</path>
         <kind>archive</kind>
         <file>libc.a</file>
         <name>memcpy_t2.S.obj</name>
      </input_file>
      <input_file id="fl-e3">
         <path>C:\ti\ccs1250\ccs\tools\compiler\ti-cgt-armllvm_3.2.0.LTS\lib\armv7em-ti-none-eabi\c\</path>
         <kind>archive</kind>
         <file>libc.a</file>
         <name>memset_t2.S.obj</name>
      </input_file>
   </input_file_list>
   <object_component_list>
      <object_component id="oc-227">
         <name>.text:__TI_printfi_nofloat</name>
         <load_address>0x2000c040</load_address>
         <readonly>true</readonly>
         <executable>true</executable>
         <run_address>0x2000c040</run_address>
         <size>0x86c</size>
         <alignment>0x4</alignment>
         <input_file_ref idref="fl-4c"/>
      </object_component>
      <object_component id="oc-d2">
         <name>.text.PRCMCC3200MCUInit</name>
         <load_address>0x2000c8ac</load_address>
         <readonly>true</readonly>
         <executable>true</executable>
         <run_address>0x2000c8ac</run_address>
         <size>0x4b8</size>
         <alignment>0x2</alignment>
         <input_file_ref idref="fl-2e"/>
      </object_component>
      <object_component id="oc-248">
         <name>.text.Power_sleep</name>
         <load_address>0x2000cd64</load_address>
         <readonly>true</readonly>
         <executable>true</executable>
         <run_address>0x2000cd64</run_address>
         <size>0x3e4</size>
         <alignment>0x4</alignment>
         <input_file_ref idref="fl-18"/>
      </object_component>
      <object_component id="oc-1f6">
         <name>.text.UART2CC32XX_hwiIntFxn</name>
         <load_address>0x2000d148</load_address>
         <readonly>true</readonly>
         <executable>true</executable>
         <run_address>0x2000d148</run_address>
         <size>0x222</size>
         <alignment>0x2</alignment>
         <input_file_ref idref="fl-1d"/>
      </object_component>
      <object_component id="oc-e2">
         <name>.text.Board_initHook</name>
         <load_address>0x2000d36a</load_address>
         <readonly>true</readonly>
         <executable>true</executable>
         <run_address>0x2000d36a</run_address>
         <size>0x2</size>
         <alignment>0x2</alignment>
         <input_file_ref idref="fl-2"/>
      </object_component>
      <object_component id="oc-154">
         <name>.text.UART2_open</name>
         <load_address>0x2000d36c</load_address>
         <readonly>true</readonly>
         <executable>true</executable>
         <run_address>0x2000d36c</run_address>
         <size>0x1cc</size>
         <alignment>0x4</alignment>
         <input_file_ref idref="fl-1d"/>
      </object_component>
      <object_component id="oc-f5">
         <name>.text.initI2C</name>
         <load_address>0x2000d538</load_address>
         <readonly>true</readonly>
         <executable>true</executable>
         <run_address>0x2000d538</run_address>
         <size>0x18c</size>
         <alignment>0x4</alignment>
         <input_file_ref idref="fl-1"/>
      </object_component>
      <object_component id="oc-22a">
         <name>.text.UART2_writeTimeoutBlocking</name>
         <load_address>0x2000d6c4</load_address>
         <readonly>true</readonly>
         <executable>true</executable>
         <run_address>0x2000d6c4</run_address>
         <size>0x174</size>
         <alignment>0x2</alignment>
         <input_file_ref idref="fl-1c"/>
      </object_component>
      <object_component id="oc-1bd">
         <name>.text.PowerCC32XX_sleepPolicy</name>
         <load_address>0x2000d838</load_address>
         <readonly>true</readonly>
         <executable>true</executable>
         <run_address>0x2000d838</run_address>
         <size>0x150</size>
         <alignment>0x4</alignment>
         <input_file_ref idref="fl-25"/>
      </object_component>
      <object_component id="oc-17b">
         <name>.text.Timer_open</name>
         <load_address>0x2000d988</load_address>
         <readonly>true</readonly>
         <executable>true</executable>
         <run_address>0x2000d988</run_address>
         <size>0x148</size>
         <alignment>0x4</alignment>
         <input_file_ref idref="fl-1b"/>
      </object_component>
      <object_component id="oc-104">
         <name>.text.GPIO_setConfig</name>
         <load_address>0x2000dad0</load_address>
         <readonly>true</readonly>
         <executable>true</executable>
         <run_address>0x2000dad0</run_address>
         <size>0x140</size>
         <alignment>0x4</alignment>
         <input_file_ref idref="fl-15"/>
      </object_component>
      <object_component id="oc-206">
         <name>.text.I2CCC32XX_hwiFxn</name>
         <load_address>0x2000dc10</load_address>
         <readonly>true</readonly>
         <executable>true</executable>
         <run_address>0x2000dc10</run_address>
         <size>0x138</size>
         <alignment>0x2</alignment>
         <input_file_ref idref="fl-17"/>
      </object_component>
      <object_component id="oc-20a">
         <name>.text.I2C_transferTimeout</name>
         <load_address>0x2000dd48</load_address>
         <readonly>true</readonly>
         <executable>true</executable>
         <run_address>0x2000dd48</run_address>
         <size>0x126</size>
         <alignment>0x2</alignment>
         <input_file_ref idref="fl-16"/>
      </object_component>
      <object_component id="oc-15b">
         <name>.text.I2C_init</name>
         <load_address>0x2000de6e</load_address>
         <readonly>true</readonly>
         <executable>true</executable>
         <run_address>0x2000de6e</run_address>
         <size>0x2</size>
         <alignment>0x2</alignment>
         <input_file_ref idref="fl-16"/>
      </object_component>
      <object_component id="oc-2e7">
         <name>.text.aligned_alloc</name>
         <load_address>0x2000de70</load_address>
         <readonly>true</readonly>
         <executable>true</executable>
         <run_address>0x2000de70</run_address>
         <size>0x120</size>
         <alignment>0x4</alignment>
         <input_file_ref idref="fl-43"/>
      </object_component>
      <object_component id="oc-b0">
         <name>.text.mainThread</name>
         <load_address>0x2000df90</load_address>
         <readonly>true</readonly>
         <executable>true</executable>
         <run_address>0x2000df90</run_address>
         <size>0x120</size>
         <alignment>0x4</alignment>
         <input_file_ref idref="fl-1"/>
      </object_component>
      <object_component id="oc-229">
         <name>.text.UART2_writeTimeoutNonblocking</name>
         <load_address>0x2000e0b0</load_address>
         <readonly>true</readonly>
         <executable>true</executable>
         <run_address>0x2000e0b0</run_address>
         <size>0x11a</size>
         <alignment>0x2</alignment>
         <input_file_ref idref="fl-1c"/>
      </object_component>
      <object_component id="oc-31e">
         <name>.text.uDMAChannelTransferSet</name>
         <load_address>0x2000e1ca</load_address>
         <readonly>true</readonly>
         <executable>true</executable>
         <run_address>0x2000e1ca</run_address>
         <size>0x112</size>
         <alignment>0x2</alignment>
         <input_file_ref idref="fl-33"/>
      </object_component>
      <object_component id="oc-188">
         <name>.text.__muldf3</name>
         <load_address>0x2000e2dc</load_address>
         <readonly>true</readonly>
         <executable>true</executable>
         <run_address>0x2000e2dc</run_address>
         <size>0xfc</size>
         <alignment>0x4</alignment>
         <input_file_ref idref="fl-d5"/>
      </object_component>
      <object_component id="oc-1c4">
         <name>.text.free</name>
         <load_address>0x2000e3d8</load_address>
         <readonly>true</readonly>
         <executable>true</executable>
         <run_address>0x2000e3d8</run_address>
         <size>0xf0</size>
         <alignment>0x4</alignment>
         <input_file_ref idref="fl-43"/>
      </object_component>
      <object_component id="oc-161">
         <name>.text.I2C_open</name>
         <load_address>0x2000e4c8</load_address>
         <readonly>true</readonly>
         <executable>true</executable>
         <run_address>0x2000e4c8</run_address>
         <size>0xe8</size>
         <alignment>0x4</alignment>
         <input_file_ref idref="fl-17"/>
      </object_component>
      <object_component id="oc-1f1">
         <name>.text.UART2_close</name>
         <load_address>0x2000e5b0</load_address>
         <readonly>true</readonly>
         <executable>true</executable>
         <run_address>0x2000e5b0</run_address>
         <size>0xe8</size>
         <alignment>0x4</alignment>
         <input_file_ref idref="fl-1d"/>
      </object_component>
      <object_component id="oc-291">
         <name>.text.UART2Support_dmaStartRx</name>
         <load_address>0x2000e698</load_address>
         <readonly>true</readonly>
         <executable>true</executable>
         <run_address>0x2000e698</run_address>
         <size>0xcc</size>
         <alignment>0x4</alignment>
         <input_file_ref idref="fl-1d"/>
      </object_component>
      <object_component id="oc-313">
         <name>.text.IntDisable</name>
         <load_address>0x2000e764</load_address>
         <readonly>true</readonly>
         <executable>true</executable>
         <run_address>0x2000e764</run_address>
         <size>0xc8</size>
         <alignment>0x2</alignment>
         <input_file_ref idref="fl-2c"/>
      </object_component>
      <object_component id="oc-27a">
         <name>.text.IntEnable</name>
         <load_address>0x2000e82c</load_address>
         <readonly>true</readonly>
         <executable>true</executable>
         <run_address>0x2000e82c</run_address>
         <size>0xc8</size>
         <alignment>0x2</alignment>
         <input_file_ref idref="fl-2c"/>
      </object_component>
      <object_component id="oc-1ed">
         <name>.text.UART2CC32XX_initHw</name>
         <load_address>0x2000e8f4</load_address>
         <readonly>true</readonly>
         <executable>true</executable>
         <run_address>0x2000e8f4</run_address>
         <size>0xc4</size>
         <alignment>0x4</alignment>
         <input_file_ref idref="fl-1d"/>
      </object_component>
      <object_component id="oc-294">
         <name>.text.UART2Support_dmaStartTx</name>
         <load_address>0x2000e9b8</load_address>
         <readonly>true</readonly>
         <executable>true</executable>
         <run_address>0x2000e9b8</run_address>
         <size>0xb8</size>
         <alignment>0x4</alignment>
         <input_file_ref idref="fl-1d"/>
      </object_component>
      <object_component id="oc-2ee">
         <name>.text</name>
         <load_address>0x2000ea70</load_address>
         <readonly>true</readonly>
         <executable>true</executable>
         <run_address>0x2000ea70</run_address>
         <size>0xb0</size>
         <alignment>0x4</alignment>
         <input_file_ref idref="fl-dd"/>
      </object_component>
      <object_component id="oc-22d">
         <name>.text.GPIOIntTypeSet</name>
         <load_address>0x2000eb20</load_address>
         <readonly>true</readonly>
         <executable>true</executable>
         <run_address>0x2000eb20</run_address>
         <size>0xac</size>
         <alignment>0x2</alignment>
         <input_file_ref idref="fl-29"/>
      </object_component>
      <object_component id="oc-376">
         <name>.text.IntPendSet</name>
         <load_address>0x2000ebcc</load_address>
         <readonly>true</readonly>
         <executable>true</executable>
         <run_address>0x2000ebcc</run_address>
         <size>0xa4</size>
         <alignment>0x2</alignment>
         <input_file_ref idref="fl-2c"/>
      </object_component>
      <object_component id="oc-f7">
         <name>.text.readTemp</name>
         <load_address>0x2000ec70</load_address>
         <readonly>true</readonly>
         <executable>true</executable>
         <run_address>0x2000ec70</run_address>
         <size>0xa4</size>
         <alignment>0x4</alignment>
         <input_file_ref idref="fl-1"/>
      </object_component>
      <object_component id="oc-19a">
         <name>.text.PinConfigSet</name>
         <load_address>0x2000ed14</load_address>
         <readonly>true</readonly>
         <executable>true</executable>
         <run_address>0x2000ed14</run_address>
         <size>0xa2</size>
         <alignment>0x2</alignment>
         <input_file_ref idref="fl-2d"/>
      </object_component>
      <object_component id="oc-2a7">
         <name>.text.I2CCC32XX_completeTransfer</name>
         <load_address>0x2000edb6</load_address>
         <readonly>true</readonly>
         <executable>true</executable>
         <run_address>0x2000edb6</run_address>
         <size>0x9c</size>
         <alignment>0x2</alignment>
         <input_file_ref idref="fl-17"/>
      </object_component>
      <object_component id="oc-298">
         <name>.text.I2CMasterInitExpClk</name>
         <load_address>0x2000ee52</load_address>
         <readonly>true</readonly>
         <executable>true</executable>
         <run_address>0x2000ee52</run_address>
         <size>0x98</size>
         <alignment>0x2</alignment>
         <input_file_ref idref="fl-2b"/>
      </object_component>
      <object_component id="oc-1b8">
         <name>.text.PowerCC32XX_initPolicy</name>
         <load_address>0x2000eeea</load_address>
         <readonly>true</readonly>
         <executable>true</executable>
         <run_address>0x2000eeea</run_address>
         <size>0x2</size>
         <alignment>0x2</alignment>
         <input_file_ref idref="fl-25"/>
      </object_component>
      <object_component id="oc-13b">
         <name>.text.SemaphoreP_pend</name>
         <load_address>0x2000eeec</load_address>
         <readonly>true</readonly>
         <executable>true</executable>
         <run_address>0x2000eeec</run_address>
         <size>0x98</size>
         <alignment>0x4</alignment>
         <input_file_ref idref="fl-22"/>
      </object_component>
      <object_component id="oc-305">
         <name>.text.CPUwfi</name>
         <load_address>0x2000ef84</load_address>
         <readonly>true</readonly>
         <executable>true</executable>
         <run_address>0x2000ef84</run_address>
         <size>0xc</size>
         <alignment>0x2</alignment>
         <input_file_ref idref="fl-28"/>
      </object_component>
      <object_component id="oc-2fa">
         <name>.text</name>
         <load_address>0x2000ef90</load_address>
         <readonly>true</readonly>
         <executable>true</executable>
         <run_address>0x2000ef90</run_address>
         <size>0x96</size>
         <alignment>0x10</alignment>
         <input_file_ref idref="fl-19"/>
      </object_component>
      <object_component id="oc-273">
         <name>.text.uDMAChannelAttributeDisable</name>
         <load_address>0x2000f026</load_address>
         <readonly>true</readonly>
         <executable>true</executable>
         <run_address>0x2000f026</run_address>
         <size>0x92</size>
         <alignment>0x2</alignment>
         <input_file_ref idref="fl-33"/>
      </object_component>
      <object_component id="oc-dc">
         <name>.text.GPIO_init</name>
         <load_address>0x2000f0b8</load_address>
         <readonly>true</readonly>
         <executable>true</executable>
         <run_address>0x2000f0b8</run_address>
         <size>0x90</size>
         <alignment>0x4</alignment>
         <input_file_ref idref="fl-15"/>
      </object_component>
      <object_component id="oc-11a">
         <name>.text.PRCMSysResetCauseGet</name>
         <load_address>0x2000f148</load_address>
         <readonly>true</readonly>
         <executable>true</executable>
         <run_address>0x2000f148</run_address>
         <size>0x8e</size>
         <alignment>0x2</alignment>
         <input_file_ref idref="fl-2e"/>
      </object_component>
      <object_component id="oc-283">
         <name>.text.SemaphoreP_destruct</name>
         <load_address>0x2000f1d6</load_address>
         <readonly>true</readonly>
         <executable>true</executable>
         <run_address>0x2000f1d6</run_address>
         <size>0x2</size>
         <alignment>0x2</alignment>
         <input_file_ref idref="fl-22"/>
      </object_component>
      <object_component id="oc-12c">
         <name>.text.PowerCC32XX_configureWakeup</name>
         <load_address>0x2000f1d8</load_address>
         <readonly>true</readonly>
         <executable>true</executable>
         <run_address>0x2000f1d8</run_address>
         <size>0x88</size>
         <alignment>0x4</alignment>
         <input_file_ref idref="fl-18"/>
      </object_component>
      <object_component id="oc-2a4">
         <name>.text.I2CCC32XX_primeReadBurst</name>
         <load_address>0x2000f260</load_address>
         <readonly>true</readonly>
         <executable>true</executable>
         <run_address>0x2000f260</run_address>
         <size>0x7a</size>
         <alignment>0x2</alignment>
         <input_file_ref idref="fl-17"/>
      </object_component>
      <object_component id="oc-174">
         <name>.text.Timer_init</name>
         <load_address>0x2000f2da</load_address>
         <readonly>true</readonly>
         <executable>true</executable>
         <run_address>0x2000f2da</run_address>
         <size>0x2</size>
         <alignment>0x2</alignment>
         <input_file_ref idref="fl-1a"/>
      </object_component>
      <object_component id="oc-d7">
         <name>.text.Power_init</name>
         <load_address>0x2000f2dc</load_address>
         <readonly>true</readonly>
         <executable>true</executable>
         <run_address>0x2000f2dc</run_address>
         <size>0x78</size>
         <alignment>0x4</alignment>
         <input_file_ref idref="fl-18"/>
      </object_component>
      <object_component id="oc-1ef">
         <name>.text.HwiP_construct</name>
         <load_address>0x2000f354</load_address>
         <readonly>true</readonly>
         <executable>true</executable>
         <run_address>0x2000f354</run_address>
         <size>0x74</size>
         <alignment>0x4</alignment>
         <input_file_ref idref="fl-24"/>
      </object_component>
      <object_component id="oc-1b5">
         <name>.text.PRCMHibernateWakeUpGPIOSelect</name>
         <load_address>0x2000f3c8</load_address>
         <readonly>true</readonly>
         <executable>true</executable>
         <run_address>0x2000f3c8</run_address>
         <size>0x74</size>
         <alignment>0x2</alignment>
         <input_file_ref idref="fl-2e"/>
      </object_component>
      <object_component id="oc-268">
         <name>.text.UARTConfigSetExpClk</name>
         <load_address>0x2000f43c</load_address>
         <readonly>true</readonly>
         <executable>true</executable>
         <run_address>0x2000f43c</run_address>
         <size>0x74</size>
         <alignment>0x2</alignment>
         <input_file_ref idref="fl-32"/>
      </object_component>
      <object_component id="oc-18">
         <name>.text:decompress:lzss</name>
         <load_address>0x2000f4b0</load_address>
         <readonly>true</readonly>
         <executable>true</executable>
         <run_address>0x2000f4b0</run_address>
         <size>0x70</size>
         <alignment>0x2</alignment>
         <input_file_ref idref="fl-4b"/>
      </object_component>
      <object_component id="oc-2f8">
         <name>.text.PinLockLevelSet</name>
         <load_address>0x2000f520</load_address>
         <readonly>true</readonly>
         <executable>true</executable>
         <run_address>0x2000f520</run_address>
         <size>0x6c</size>
         <alignment>0x2</alignment>
         <input_file_ref idref="fl-2d"/>
      </object_component>
      <object_component id="oc-19b">
         <name>.text.Power_setDependency</name>
         <load_address>0x2000f58c</load_address>
         <readonly>true</readonly>
         <executable>true</executable>
         <run_address>0x2000f58c</run_address>
         <size>0x6c</size>
         <alignment>0x4</alignment>
         <input_file_ref idref="fl-18"/>
      </object_component>
      <object_component id="oc-1eb">
         <name>.text.UDMACC32XX_open</name>
         <load_address>0x2000f5f8</load_address>
         <readonly>true</readonly>
         <executable>true</executable>
         <run_address>0x2000f5f8</run_address>
         <size>0x6c</size>
         <alignment>0x4</alignment>
         <input_file_ref idref="fl-20"/>
      </object_component>
      <object_component id="oc-142">
         <name>.text.powerNotifyFxn</name>
         <load_address>0x2000f664</load_address>
         <readonly>true</readonly>
         <executable>true</executable>
         <run_address>0x2000f664</run_address>
         <size>0x6c</size>
         <alignment>0x4</alignment>
         <input_file_ref idref="fl-15"/>
      </object_component>
      <object_component id="oc-362">
         <name>.text.split</name>
         <load_address>0x2000f6d0</load_address>
         <readonly>true</readonly>
         <executable>true</executable>
         <run_address>0x2000f6d0</run_address>
         <size>0x6c</size>
         <alignment>0x4</alignment>
         <input_file_ref idref="fl-43"/>
      </object_component>
      <object_component id="oc-122">
         <name>.text.PRCMPeripheralReset</name>
         <load_address>0x2000f73c</load_address>
         <readonly>true</readonly>
         <executable>true</executable>
         <run_address>0x2000f73c</run_address>
         <size>0x6a</size>
         <alignment>0x2</alignment>
         <input_file_ref idref="fl-2e"/>
      </object_component>
      <object_component id="oc-1f4">
         <name>.text.UART2CC32XX_eventCallback</name>
         <load_address>0x2000f7a6</load_address>
         <readonly>true</readonly>
         <executable>true</executable>
         <run_address>0x2000f7a6</run_address>
         <size>0x2</size>
         <alignment>0x2</alignment>
         <input_file_ref idref="fl-1d"/>
      </object_component>
      <object_component id="oc-201">
         <name>.text.I2CCC32XX_initHw</name>
         <load_address>0x2000f7a8</load_address>
         <readonly>true</readonly>
         <executable>true</executable>
         <run_address>0x2000f7a8</run_address>
         <size>0x68</size>
         <alignment>0x4</alignment>
         <input_file_ref idref="fl-17"/>
      </object_component>
      <object_component id="oc-277">
         <name>.text.IntPendClear</name>
         <load_address>0x2000f810</load_address>
         <readonly>true</readonly>
         <executable>true</executable>
         <run_address>0x2000f810</run_address>
         <size>0x68</size>
         <alignment>0x2</alignment>
         <input_file_ref idref="fl-2c"/>
      </object_component>
      <object_component id="oc-2a5">
         <name>.text.I2CCC32XX_primeWriteBurst</name>
         <load_address>0x2000f878</load_address>
         <readonly>true</readonly>
         <executable>true</executable>
         <run_address>0x2000f878</run_address>
         <size>0x66</size>
         <alignment>0x2</alignment>
         <input_file_ref idref="fl-17"/>
      </object_component>
      <object_component id="oc-365">
         <name>.text.__aeabi_ldiv0</name>
         <load_address>0x2000f8de</load_address>
         <readonly>true</readonly>
         <executable>true</executable>
         <run_address>0x2000f8de</run_address>
         <size>0x2</size>
         <alignment>0x2</alignment>
         <input_file_ref idref="fl-df"/>
      </object_component>
      <object_component id="oc-ed">
         <name>.text.GPIO_write</name>
         <load_address>0x2000f8e0</load_address>
         <readonly>true</readonly>
         <executable>true</executable>
         <run_address>0x2000f8e0</run_address>
         <size>0x60</size>
         <alignment>0x4</alignment>
         <input_file_ref idref="fl-15"/>
      </object_component>
      <object_component id="oc-293">
         <name>.text.UART2Support_dmaStopTx</name>
         <load_address>0x2000f940</load_address>
         <readonly>true</readonly>
         <executable>true</executable>
         <run_address>0x2000f940</run_address>
         <size>0x60</size>
         <alignment>0x2</alignment>
         <input_file_ref idref="fl-1d"/>
      </object_component>
      <object_component id="oc-371">
         <name>.text.FlashDisable</name>
         <load_address>0x2000f9a0</load_address>
         <readonly>true</readonly>
         <executable>true</executable>
         <run_address>0x2000f9a0</run_address>
         <size>0x5c</size>
         <alignment>0x2</alignment>
         <input_file_ref idref="fl-35"/>
      </object_component>
      <object_component id="oc-2aa">
         <name>.text.I2CSupport_primeTransfer</name>
         <load_address>0x2000f9fc</load_address>
         <readonly>true</readonly>
         <executable>true</executable>
         <run_address>0x2000f9fc</run_address>
         <size>0x5c</size>
         <alignment>0x2</alignment>
         <input_file_ref idref="fl-17"/>
      </object_component>
      <object_component id="oc-1b7">
         <name>.text.PRCMHibernateWakeupSourceDisable</name>
         <load_address>0x2000fa58</load_address>
         <readonly>true</readonly>
         <executable>true</executable>
         <run_address>0x2000fa58</run_address>
         <size>0x5c</size>
         <alignment>0x2</alignment>
         <input_file_ref idref="fl-2e"/>
      </object_component>
      <object_component id="oc-211">
         <name>.text.TimerCC32XX_allocateTimerResource</name>
         <load_address>0x2000fab4</load_address>
         <readonly>true</readonly>
         <executable>true</executable>
         <run_address>0x2000fab4</run_address>
         <size>0x5c</size>
         <alignment>0x4</alignment>
         <input_file_ref idref="fl-1b"/>
      </object_component>
      <object_component id="oc-121">
         <name>.text.PRCMPeripheralClkEnable</name>
         <load_address>0x2000fb10</load_address>
         <readonly>true</readonly>
         <executable>true</executable>
         <run_address>0x2000fb10</run_address>
         <size>0x5a</size>
         <alignment>0x2</alignment>
         <input_file_ref idref="fl-2e"/>
      </object_component>
      <object_component id="oc-1a3">
         <name>.text._nop</name>
         <load_address>0x2000fb6a</load_address>
         <readonly>true</readonly>
         <executable>true</executable>
         <run_address>0x2000fb6a</run_address>
         <size>0x2</size>
         <alignment>0x2</alignment>
         <input_file_ref idref="fl-50"/>
      </object_component>
      <object_component id="oc-2ec">
         <name>.text.ClockP_startup</name>
         <load_address>0x2000fb6c</load_address>
         <readonly>true</readonly>
         <executable>true</executable>
         <run_address>0x2000fb6c</run_address>
         <size>0x58</size>
         <alignment>0x4</alignment>
         <input_file_ref idref="fl-23"/>
      </object_component>
      <object_component id="oc-279">
         <name>.text.IntPrioritySet</name>
         <load_address>0x2000fbc4</load_address>
         <readonly>true</readonly>
         <executable>true</executable>
         <run_address>0x2000fbc4</run_address>
         <size>0x58</size>
         <alignment>0x2</alignment>
         <input_file_ref idref="fl-2c"/>
      </object_component>
      <object_component id="oc-304">
         <name>.text.PRCMLPDSEnter</name>
         <load_address>0x2000fc1c</load_address>
         <readonly>true</readonly>
         <executable>true</executable>
         <run_address>0x2000fc1c</run_address>
         <size>0x56</size>
         <alignment>0x2</alignment>
         <input_file_ref idref="fl-2e"/>
      </object_component>
      <object_component id="oc-57">
         <name>.text.busFaultHandler</name>
         <load_address>0x2000fc72</load_address>
         <readonly>true</readonly>
         <executable>true</executable>
         <run_address>0x2000fc72</run_address>
         <size>0x2</size>
         <alignment>0x2</alignment>
         <input_file_ref idref="fl-26"/>
      </object_component>
      <object_component id="oc-1d7">
         <name>.text.PowerCC32XX_setParkState</name>
         <load_address>0x2000fc74</load_address>
         <readonly>true</readonly>
         <executable>true</executable>
         <run_address>0x2000fc74</run_address>
         <size>0x54</size>
         <alignment>0x4</alignment>
         <input_file_ref idref="fl-18"/>
      </object_component>
      <object_component id="oc-286">
         <name>.text.Power_releaseDependency</name>
         <load_address>0x2000fcc8</load_address>
         <readonly>true</readonly>
         <executable>true</executable>
         <run_address>0x2000fcc8</run_address>
         <size>0x54</size>
         <alignment>0x4</alignment>
         <input_file_ref idref="fl-18"/>
      </object_component>
      <object_component id="oc-1a2">
         <name>.text.GPIO_hwiIntFxn</name>
         <load_address>0x2000fd1c</load_address>
         <readonly>true</readonly>
         <executable>true</executable>
         <run_address>0x2000fd1c</run_address>
         <size>0x50</size>
         <alignment>0x4</alignment>
         <input_file_ref idref="fl-15"/>
      </object_component>
      <object_component id="oc-1b6">
         <name>.text.PRCMHibernateWakeupSourceEnable</name>
         <load_address>0x2000fd6c</load_address>
         <readonly>true</readonly>
         <executable>true</executable>
         <run_address>0x2000fd6c</run_address>
         <size>0x50</size>
         <alignment>0x2</alignment>
         <input_file_ref idref="fl-2e"/>
      </object_component>
      <object_component id="oc-251">
         <name>.text.SemaphoreP_construct</name>
         <load_address>0x2000fdbc</load_address>
         <readonly>true</readonly>
         <executable>true</executable>
         <run_address>0x2000fdbc</run_address>
         <size>0x50</size>
         <alignment>0x4</alignment>
         <input_file_ref idref="fl-22"/>
      </object_component>
      <object_component id="oc-272">
         <name>.text.uDMAChannelAssign</name>
         <load_address>0x2000fe0c</load_address>
         <readonly>true</readonly>
         <executable>true</executable>
         <run_address>0x2000fe0c</run_address>
         <size>0x4e</size>
         <alignment>0x2</alignment>
         <input_file_ref idref="fl-33"/>
      </object_component>
      <object_component id="oc-1cb">
         <name>.text.clkFxn</name>
         <load_address>0x2000fe5a</load_address>
         <readonly>true</readonly>
         <executable>true</executable>
         <run_address>0x2000fe5a</run_address>
         <size>0x2</size>
         <alignment>0x2</alignment>
         <input_file_ref idref="fl-22"/>
      </object_component>
      <object_component id="oc-19f">
         <name>.text.GPIO_setInterruptConfig</name>
         <load_address>0x2000fe5c</load_address>
         <readonly>true</readonly>
         <executable>true</executable>
         <run_address>0x2000fe5c</run_address>
         <size>0x4c</size>
         <alignment>0x4</alignment>
         <input_file_ref idref="fl-15"/>
      </object_component>
      <object_component id="oc-36f">
         <name>.text.PRCMLPDSRestoreInfoSet</name>
         <load_address>0x2000fea8</load_address>
         <readonly>true</readonly>
         <executable>true</executable>
         <run_address>0x2000fea8</run_address>
         <size>0x4c</size>
         <alignment>0x2</alignment>
         <input_file_ref idref="fl-2e"/>
      </object_component>
      <object_component id="oc-215">
         <name>.text.initHw</name>
         <load_address>0x2000fef4</load_address>
         <readonly>true</readonly>
         <executable>true</executable>
         <run_address>0x2000fef4</run_address>
         <size>0x4c</size>
         <alignment>0x2</alignment>
         <input_file_ref idref="fl-1b"/>
      </object_component>
      <object_component id="oc-28f">
         <name>.text.UART2Support_dmaStopRx</name>
         <load_address>0x2000ff40</load_address>
         <readonly>true</readonly>
         <executable>true</executable>
         <run_address>0x2000ff40</run_address>
         <size>0x4a</size>
         <alignment>0x2</alignment>
         <input_file_ref idref="fl-1d"/>
      </object_component>
      <object_component id="oc-214">
         <name>.text.getPrescaler</name>
         <load_address>0x2000ff8a</load_address>
         <readonly>true</readonly>
         <executable>true</executable>
         <run_address>0x2000ff8a</run_address>
         <size>0x4a</size>
         <alignment>0x2</alignment>
         <input_file_ref idref="fl-1b"/>
      </object_component>
      <object_component id="oc-31a">
         <name>.text.uDMAChannelSizeGet</name>
         <load_address>0x2000ffd4</load_address>
         <readonly>true</readonly>
         <executable>true</executable>
         <run_address>0x2000ffd4</run_address>
         <size>0x4a</size>
         <alignment>0x2</alignment>
         <input_file_ref idref="fl-33"/>
      </object_component>
      <object_component id="oc-56">
         <name>.text.defaultHandler</name>
         <load_address>0x2001001e</load_address>
         <readonly>true</readonly>
         <executable>true</executable>
         <run_address>0x2001001e</run_address>
         <size>0x2</size>
         <alignment>0x2</alignment>
         <input_file_ref idref="fl-26"/>
      </object_component>
      <object_component id="oc-58">
         <name>.text.ClockP_sysTickHandler</name>
         <load_address>0x20010020</load_address>
         <readonly>true</readonly>
         <executable>true</executable>
         <run_address>0x20010020</run_address>
         <size>0x48</size>
         <alignment>0x4</alignment>
         <input_file_ref idref="fl-23"/>
      </object_component>
      <object_component id="oc-2fe">
         <name>.text.PRCMIntEnable</name>
         <load_address>0x20010068</load_address>
         <readonly>true</readonly>
         <executable>true</executable>
         <run_address>0x20010068</run_address>
         <size>0x48</size>
         <alignment>0x2</alignment>
         <input_file_ref idref="fl-2e"/>
      </object_component>
      <object_component id="oc-22b">
         <name>.text.PRCMPeripheralStatusGet</name>
         <load_address>0x200100b0</load_address>
         <readonly>true</readonly>
         <executable>true</executable>
         <run_address>0x200100b0</run_address>
         <size>0x48</size>
         <alignment>0x2</alignment>
         <input_file_ref idref="fl-2e"/>
      </object_component>
      <object_component id="oc-36c">
         <name>.text.PinConfigGet</name>
         <load_address>0x200100f8</load_address>
         <readonly>true</readonly>
         <executable>true</executable>
         <run_address>0x200100f8</run_address>
         <size>0x48</size>
         <alignment>0x2</alignment>
         <input_file_ref idref="fl-2d"/>
      </object_component>
      <object_component id="oc-18c">
         <name>.text.__fixdfsi</name>
         <load_address>0x20010140</load_address>
         <readonly>true</readonly>
         <executable>true</executable>
         <run_address>0x20010140</run_address>
         <size>0x48</size>
         <alignment>0x4</alignment>
         <input_file_ref idref="fl-d7"/>
      </object_component>
      <object_component id="oc-2a3">
         <name>.text.I2CCC32XX_fillTransmitFifo</name>
         <load_address>0x20010188</load_address>
         <readonly>true</readonly>
         <executable>true</executable>
         <run_address>0x20010188</run_address>
         <size>0x46</size>
         <alignment>0x2</alignment>
         <input_file_ref idref="fl-17"/>
      </object_component>
      <object_component id="oc-303">
         <name>.text.PRCMLPDSEnterKeepDebugIf</name>
         <load_address>0x200101ce</load_address>
         <readonly>true</readonly>
         <executable>true</executable>
         <run_address>0x200101ce</run_address>
         <size>0x46</size>
         <alignment>0x2</alignment>
         <input_file_ref idref="fl-2e"/>
      </object_component>
      <object_component id="oc-318">
         <name>.text.RingBuf_put</name>
         <load_address>0x20010214</load_address>
         <readonly>true</readonly>
         <executable>true</executable>
         <run_address>0x20010214</run_address>
         <size>0x46</size>
         <alignment>0x2</alignment>
         <input_file_ref idref="fl-1f"/>
      </object_component>
      <object_component id="oc-19e">
         <name>.text.GPIODirModeSet</name>
         <load_address>0x2001025a</load_address>
         <readonly>true</readonly>
         <executable>true</executable>
         <run_address>0x2001025a</run_address>
         <size>0x44</size>
         <alignment>0x2</alignment>
         <input_file_ref idref="fl-29"/>
      </object_component>
      <object_component id="oc-55">
         <name>.text.faultISR</name>
         <load_address>0x2001029e</load_address>
         <readonly>true</readonly>
         <executable>true</executable>
         <run_address>0x2001029e</run_address>
         <size>0x2</size>
         <alignment>0x2</alignment>
         <input_file_ref idref="fl-26"/>
      </object_component>
      <object_component id="oc-22e">
         <name>.text.GPIO_disableInt</name>
         <load_address>0x200102a0</load_address>
         <readonly>true</readonly>
         <executable>true</executable>
         <run_address>0x200102a0</run_address>
         <size>0x44</size>
         <alignment>0x4</alignment>
         <input_file_ref idref="fl-15"/>
      </object_component>
      <object_component id="oc-f3">
         <name>.text.GPIO_enableInt</name>
         <load_address>0x200102e4</load_address>
         <readonly>true</readonly>
         <executable>true</executable>
         <run_address>0x200102e4</run_address>
         <size>0x44</size>
         <alignment>0x4</alignment>
         <input_file_ref idref="fl-15"/>
      </object_component>
      <object_component id="oc-292">
         <name>.text.Power_releaseConstraint</name>
         <load_address>0x20010328</load_address>
         <readonly>true</readonly>
         <executable>true</executable>
         <run_address>0x20010328</run_address>
         <size>0x44</size>
         <alignment>0x4</alignment>
         <input_file_ref idref="fl-18"/>
      </object_component>
      <object_component id="oc-181">
         <name>.text.Timer_start</name>
         <load_address>0x2001036c</load_address>
         <readonly>true</readonly>
         <executable>true</executable>
         <run_address>0x2001036c</run_address>
         <size>0x44</size>
         <alignment>0x2</alignment>
         <input_file_ref idref="fl-1a"/>
      </object_component>
      <object_component id="oc-7d">
         <name>.text.addToList</name>
         <load_address>0x200103b0</load_address>
         <readonly>true</readonly>
         <executable>true</executable>
         <run_address>0x200103b0</run_address>
         <size>0x44</size>
         <alignment>0x4</alignment>
         <input_file_ref idref="fl-23"/>
      </object_component>
      <object_component id="oc-f6">
         <name>.text.initTimer</name>
         <load_address>0x200103f4</load_address>
         <readonly>true</readonly>
         <executable>true</executable>
         <run_address>0x200103f4</run_address>
         <size>0x44</size>
         <alignment>0x4</alignment>
         <input_file_ref idref="fl-1"/>
      </object_component>
      <object_component id="oc-f8">
         <name>.text.snprintf</name>
         <load_address>0x20010438</load_address>
         <readonly>true</readonly>
         <executable>true</executable>
         <run_address>0x20010438</run_address>
         <size>0x44</size>
         <alignment>0x4</alignment>
         <input_file_ref idref="fl-42"/>
      </object_component>
      <object_component id="oc-129">
         <name>.text.PinModeSet</name>
         <load_address>0x2001047c</load_address>
         <readonly>true</readonly>
         <executable>true</executable>
         <run_address>0x2001047c</run_address>
         <size>0x42</size>
         <alignment>0x2</alignment>
         <input_file_ref idref="fl-2d"/>
      </object_component>
      <object_component id="oc-2ba">
         <name>.text.TimerControlStall</name>
         <load_address>0x200104be</load_address>
         <readonly>true</readonly>
         <executable>true</executable>
         <run_address>0x200104be</run_address>
         <size>0x42</size>
         <alignment>0x2</alignment>
         <input_file_ref idref="fl-31"/>
      </object_component>
      <object_component id="oc-213">
         <name>.text.Timer_close</name>
         <load_address>0x20010500</load_address>
         <readonly>true</readonly>
         <executable>true</executable>
         <run_address>0x20010500</run_address>
         <size>0x42</size>
         <alignment>0x2</alignment>
         <input_file_ref idref="fl-1b"/>
      </object_component>
      <object_component id="oc-23d">
         <name>.text.getCountsRTC</name>
         <load_address>0x20010542</load_address>
         <readonly>true</readonly>
         <executable>true</executable>
         <run_address>0x20010542</run_address>
         <size>0x42</size>
         <alignment>0x2</alignment>
         <input_file_ref idref="fl-25"/>
      </object_component>
      <object_component id="oc-13d">
         <name>.text.SemaphoreP_post</name>
         <load_address>0x20010584</load_address>
         <readonly>true</readonly>
         <executable>true</executable>
         <run_address>0x20010584</run_address>
         <size>0x40</size>
         <alignment>0x4</alignment>
         <input_file_ref idref="fl-22"/>
      </object_component>
      <object_component id="oc-2b0">
         <name>.text.Timer_stop</name>
         <load_address>0x200105c4</load_address>
         <readonly>true</readonly>
         <executable>true</executable>
         <run_address>0x200105c4</run_address>
         <size>0x40</size>
         <alignment>0x2</alignment>
         <input_file_ref idref="fl-1a"/>
      </object_component>
      <object_component id="oc-2ca">
         <name>.text.atoi</name>
         <load_address>0x20010604</load_address>
         <readonly>true</readonly>
         <executable>true</executable>
         <run_address>0x20010604</run_address>
         <size>0x40</size>
         <alignment>0x4</alignment>
         <input_file_ref idref="fl-54"/>
      </object_component>
      <object_component id="oc-31d">
         <name>.text.uDMAChannelControlSet</name>
         <load_address>0x20010644</load_address>
         <readonly>true</readonly>
         <executable>true</executable>
         <run_address>0x20010644</run_address>
         <size>0x40</size>
         <alignment>0x2</alignment>
         <input_file_ref idref="fl-33"/>
      </object_component>
      <object_component id="oc-36e">
         <name>.text.PinDirModeSet</name>
         <load_address>0x20010684</load_address>
         <readonly>true</readonly>
         <executable>true</executable>
         <run_address>0x20010684</run_address>
         <size>0x3e</size>
         <alignment>0x2</alignment>
         <input_file_ref idref="fl-2d"/>
      </object_component>
      <object_component id="oc-54">
         <name>.text.nmiISR</name>
         <load_address>0x200106c2</load_address>
         <readonly>true</readonly>
         <executable>true</executable>
         <run_address>0x200106c2</run_address>
         <size>0x2</size>
         <alignment>0x2</alignment>
         <input_file_ref idref="fl-26"/>
      </object_component>
      <object_component id="oc-255">
         <name>.text.ClockP_stop</name>
         <load_address>0x200106c4</load_address>
         <readonly>true</readonly>
         <executable>true</executable>
         <run_address>0x200106c4</run_address>
         <size>0x3c</size>
         <alignment>0x4</alignment>
         <input_file_ref idref="fl-23"/>
      </object_component>
      <object_component id="oc-1e6">
         <name>.text.UDMACC32XX_init</name>
         <load_address>0x20010700</load_address>
         <readonly>true</readonly>
         <executable>true</executable>
         <run_address>0x20010700</run_address>
         <size>0x3c</size>
         <alignment>0x4</alignment>
         <input_file_ref idref="fl-20"/>
      </object_component>
      <object_component id="oc-21d">
         <name>.text.TimerSupport_timerEnable</name>
         <load_address>0x2001073c</load_address>
         <readonly>true</readonly>
         <executable>true</executable>
         <run_address>0x2001073c</run_address>
         <size>0x3a</size>
         <alignment>0x2</alignment>
         <input_file_ref idref="fl-1b"/>
      </object_component>
      <object_component id="oc-1ca">
         <name>.text.ClockP_destruct</name>
         <load_address>0x20010778</load_address>
         <readonly>true</readonly>
         <executable>true</executable>
         <run_address>0x20010778</run_address>
         <size>0x38</size>
         <alignment>0x4</alignment>
         <input_file_ref idref="fl-23"/>
      </object_component>
      <object_component id="oc-2bf">
         <name>.text.Power_setConstraint</name>
         <load_address>0x200107b0</load_address>
         <readonly>true</readonly>
         <executable>true</executable>
         <run_address>0x200107b0</run_address>
         <size>0x38</size>
         <alignment>0x4</alignment>
         <input_file_ref idref="fl-18"/>
      </object_component>
      <object_component id="oc-2e2">
         <name>.text.RingBuf_putAdvance</name>
         <load_address>0x200107e8</load_address>
         <readonly>true</readonly>
         <executable>true</executable>
         <run_address>0x200107e8</run_address>
         <size>0x38</size>
         <alignment>0x2</alignment>
         <input_file_ref idref="fl-1f"/>
      </object_component>
      <object_component id="oc-24e">
         <name>.text.SwiP_restore</name>
         <load_address>0x20010820</load_address>
         <readonly>true</readonly>
         <executable>true</executable>
         <run_address>0x20010820</run_address>
         <size>0x38</size>
         <alignment>0x4</alignment>
         <input_file_ref idref="fl-27"/>
      </object_component>
      <object_component id="oc-284">
         <name>.text.UDMACC32XX_close</name>
         <load_address>0x20010858</load_address>
         <readonly>true</readonly>
         <executable>true</executable>
         <run_address>0x20010858</run_address>
         <size>0x38</size>
         <alignment>0x4</alignment>
         <input_file_ref idref="fl-20"/>
      </object_component>
      <object_component id="oc-bf">
         <name>.text:__TI_auto_init_nobinit_nopinit</name>
         <load_address>0x20010890</load_address>
         <readonly>true</readonly>
         <executable>true</executable>
         <run_address>0x20010890</run_address>
         <size>0x38</size>
         <alignment>0x4</alignment>
         <input_file_ref idref="fl-46"/>
      </object_component>
      <object_component id="oc-2f9">
         <name>.text.PinLock</name>
         <load_address>0x200108c8</load_address>
         <readonly>true</readonly>
         <executable>true</executable>
         <run_address>0x200108c8</run_address>
         <size>0x36</size>
         <alignment>0x2</alignment>
         <input_file_ref idref="fl-2d"/>
      </object_component>
      <object_component id="oc-21a">
         <name>.text.TimerCC32XX_hwiIntFunction</name>
         <load_address>0x200108fe</load_address>
         <readonly>true</readonly>
         <executable>true</executable>
         <run_address>0x200108fe</run_address>
         <size>0x36</size>
         <alignment>0x2</alignment>
         <input_file_ref idref="fl-1b"/>
      </object_component>
      <object_component id="oc-360">
         <name>.text.UARTCharPutNonBlocking</name>
         <load_address>0x20010934</load_address>
         <readonly>true</readonly>
         <executable>true</executable>
         <run_address>0x20010934</run_address>
         <size>0x36</size>
         <alignment>0x2</alignment>
         <input_file_ref idref="fl-32"/>
      </object_component>
      <object_component id="oc-1c7">
         <name>.text.ClockP_start</name>
         <load_address>0x2001096c</load_address>
         <readonly>true</readonly>
         <executable>true</executable>
         <run_address>0x2001096c</run_address>
         <size>0x34</size>
         <alignment>0x4</alignment>
         <input_file_ref idref="fl-23"/>
      </object_component>
      <object_component id="oc-324">
         <name>.text.I2CFIFODataPutNonBlocking</name>
         <load_address>0x200109a0</load_address>
         <readonly>true</readonly>
         <executable>true</executable>
         <run_address>0x200109a0</run_address>
         <size>0x34</size>
         <alignment>0x2</alignment>
         <input_file_ref idref="fl-2b"/>
      </object_component>
      <object_component id="oc-36d">
         <name>.text.PinDirModeGet</name>
         <load_address>0x200109d4</load_address>
         <readonly>true</readonly>
         <executable>true</executable>
         <run_address>0x200109d4</run_address>
         <size>0x34</size>
         <alignment>0x2</alignment>
         <input_file_ref idref="fl-2d"/>
      </object_component>
      <object_component id="oc-124">
         <name>.text.PinModeGet</name>
         <load_address>0x20010a08</load_address>
         <readonly>true</readonly>
         <executable>true</executable>
         <run_address>0x20010a08</run_address>
         <size>0x34</size>
         <alignment>0x2</alignment>
         <input_file_ref idref="fl-2d"/>
      </object_component>
      <object_component id="oc-2f7">
         <name>.text.PowerCC32XX_parkPin</name>
         <load_address>0x20010a3c</load_address>
         <readonly>true</readonly>
         <executable>true</executable>
         <run_address>0x20010a3c</run_address>
         <size>0x34</size>
         <alignment>0x2</alignment>
         <input_file_ref idref="fl-18"/>
      </object_component>
      <object_component id="oc-2b2">
         <name>.text.TimerCC32XX_freeTimerResource</name>
         <load_address>0x20010a70</load_address>
         <readonly>true</readonly>
         <executable>true</executable>
         <run_address>0x20010a70</run_address>
         <size>0x34</size>
         <alignment>0x4</alignment>
         <input_file_ref idref="fl-1b"/>
      </object_component>
      <object_component id="oc-280">
         <name>.text.UART2_rxDisable</name>
         <load_address>0x20010aa4</load_address>
         <readonly>true</readonly>
         <executable>true</executable>
         <run_address>0x20010aa4</run_address>
         <size>0x34</size>
         <alignment>0x2</alignment>
         <input_file_ref idref="fl-1c"/>
      </object_component>
      <object_component id="oc-4f">
         <name>.text.initVectors</name>
         <load_address>0x20010ad8</load_address>
         <readonly>true</readonly>
         <executable>true</executable>
         <run_address>0x20010ad8</run_address>
         <size>0x34</size>
         <alignment>0x4</alignment>
         <input_file_ref idref="fl-26"/>
      </object_component>
      <object_component id="oc-23a">
[...]
         <object_component_ref idref="oc-288"/>
      </symbol>
      <symbol id="sm-52e">
         <name>PinTypeI2C</name>
         <value>0x200111f5</value>
         <object_component_ref idref="oc-200"/>
      </symbol>
      <symbol id="sm-52f">
         <name>PinTypeUART</name>
         <value>0x200112b5</value>
         <object_component_ref idref="oc-25b"/>
      </symbol>
      <symbol id="sm-530">
         <name>PinUnlock</name>
         <value>0x2001116f</value>
         <object_component_ref idref="oc-2ff"/>
      </symbol>
      <symbol id="sm-5e2">
         <name>PRCMCC3200MCUInit</name>
         <value>0x2000c8ad</value>
         <object_component_ref idref="oc-d2"/>
      </symbol>
      <symbol id="sm-5e3">
         <name>PRCMHIBRegRead</name>
         <value>0x2001144b</value>
         <object_component_ref idref="oc-120"/>
      </symbol>
      <symbol id="sm-5e4">
         <name>PRCMHIBRegWrite</name>
         <value>0x20011465</value>
         <object_component_ref idref="oc-11f"/>
      </symbol>
      <symbol id="sm-5e5">
         <name>PRCMHibernateWakeUpGPIOSelect</name>
         <value>0x2000f3c9</value>
         <object_component_ref idref="oc-1b5"/>
      </symbol>
      <symbol id="sm-5e6">
         <name>PRCMHibernateWakeupSourceDisable</name>
         <value>0x2000fa59</value>
         <object_component_ref idref="oc-1b7"/>
      </symbol>
      <symbol id="sm-5e7">
         <name>PRCMHibernateWakeupSourceEnable</name>
         <value>0x2000fd6d</value>
         <object_component_ref idref="oc-1b6"/>
      </symbol>
      <symbol id="sm-5e8">
         <name>PRCMIntEnable</name>
         <value>0x20010069</value>
         <object_component_ref idref="oc-2fe"/>
      </symbol>
      <symbol id="sm-5e9">
         <name>PRCMLPDSEnter</name>
         <value>0x2000fc1d</value>
         <object_component_ref idref="oc-304"/>
      </symbol>
      <symbol id="sm-5ea">
         <name>PRCMLPDSEnterKeepDebugIf</name>
         <value>0x200101cf</value>
         <object_component_ref idref="oc-303"/>
      </symbol>
      <symbol id="sm-5eb">
         <name>PRCMLPDSIntervalSet</name>
         <value>0x20010b6d</value>
         <object_component_ref idref="oc-247"/>
      </symbol>
      <symbol id="sm-5ec">
         <name>PRCMLPDSRestoreInfoSet</name>
         <value>0x2000fea9</value>
         <object_component_ref idref="oc-36f"/>
      </symbol>
      <symbol id="sm-5ed">
         <name>PRCMLPDSWakeUpGPIOSelect</name>
         <value>0x20010e23</value>
         <object_component_ref idref="oc-1b4"/>
      </symbol>
      <symbol id="sm-5ee">
         <name>PRCMLPDSWakeupCauseGet</name>
         <value>0x200119d1</value>
         <object_component_ref idref="oc-301"/>
      </symbol>
      <symbol id="sm-5ef">
         <name>PRCMLPDSWakeupSourceDisable</name>
         <value>0x2001147f</value>
         <object_component_ref idref="oc-1b3"/>
      </symbol>
      <symbol id="sm-5f0">
         <name>PRCMLPDSWakeupSourceEnable</name>
         <value>0x20011075</value>
         <object_component_ref idref="oc-1b2"/>
      </symbol>
      <symbol id="sm-5f1">
         <name>PRCMPeripheralClkDisable</name>
         <value>0x20010e4d</value>
         <object_component_ref idref="oc-123"/>
      </symbol>
      <symbol id="sm-5f2">
         <name>PRCMPeripheralClkEnable</name>
         <value>0x2000fb11</value>
         <object_component_ref idref="oc-121"/>
      </symbol>
      <symbol id="sm-5f3">
         <name>PRCMPeripheralReset</name>
         <value>0x2000f73d</value>
         <object_component_ref idref="oc-122"/>
      </symbol>
      <symbol id="sm-5f4">
         <name>PRCMPeripheralStatusGet</name>
         <value>0x200100b1</value>
         <object_component_ref idref="oc-22b"/>
      </symbol>
      <symbol id="sm-5f5">
         <name>PRCMSRAMRetentionEnable</name>
         <value>0x20010f69</value>
         <object_component_ref idref="oc-2f6"/>
      </symbol>
      <symbol id="sm-5f6">
         <name>PRCMSleepEnter</name>
         <value>0x20011ac5</value>
         <object_component_ref idref="oc-24d"/>
      </symbol>
      <symbol id="sm-5f7">
         <name>PRCMSlowClkCtrFastGet</name>
         <value>0x20010b9d</value>
         <object_component_ref idref="oc-2ed"/>
      </symbol>
      <symbol id="sm-5f8">
         <name>PRCMSysResetCauseGet</name>
         <value>0x2000f149</value>
         <object_component_ref idref="oc-11a"/>
      </symbol>
      <symbol id="sm-616">
         <name>SysTickEnable</name>
         <value>0x200117b7</value>
         <object_component_ref idref="oc-24b"/>
      </symbol>
      <symbol id="sm-617">
         <name>SysTickIntDisable</name>
         <value>0x200117c9</value>
         <object_component_ref idref="oc-242"/>
      </symbol>
      <symbol id="sm-618">
         <name>SysTickIntEnable</name>
         <value>0x200117db</value>
         <object_component_ref idref="oc-24c"/>
      </symbol>
      <symbol id="sm-619">
         <name>SysTickPeriodSet</name>
         <value>0x2001159d</value>
         <object_component_ref idref="oc-24a"/>
      </symbol>
      <symbol id="sm-658">
         <name>TimerControlStall</name>
         <value>0x200104bf</value>
         <object_component_ref idref="oc-2ba"/>
      </symbol>
      <symbol id="sm-659">
         <name>TimerDisable</name>
         <value>0x20011295</value>
         <object_component_ref idref="oc-2b3"/>
      </symbol>
      <symbol id="sm-65a">
         <name>TimerEnable</name>
         <value>0x200114b3</value>
         <object_component_ref idref="oc-2c0"/>
      </symbol>
      <symbol id="sm-65b">
         <name>TimerIntClear</name>
         <value>0x200118a1</value>
         <object_component_ref idref="oc-2bd"/>
      </symbol>
      <symbol id="sm-65c">
         <name>TimerIntDisable</name>
         <value>0x200115b3</value>
         <object_component_ref idref="oc-37c"/>
      </symbol>
      <symbol id="sm-65d">
         <name>TimerIntEnable</name>
         <value>0x200116c1</value>
         <object_component_ref idref="oc-2be"/>
      </symbol>
      <symbol id="sm-65e">
         <name>TimerLoadSet</name>
         <value>0x20010bcd</value>
         <object_component_ref idref="oc-2b9"/>
      </symbol>
      <symbol id="sm-65f">
         <name>TimerPrescaleSet</name>
         <value>0x20010bfd</value>
         <object_component_ref idref="oc-2b8"/>
      </symbol>
      <symbol id="sm-6c9">
         <name>UARTBusy</name>
         <value>0x200118d1</value>
         <object_component_ref idref="oc-361"/>
      </symbol>
      <symbol id="sm-6ca">
         <name>UARTCharPutNonBlocking</name>
         <value>0x20010935</value>
         <object_component_ref idref="oc-360"/>
      </symbol>
      <symbol id="sm-6cb">
         <name>UARTCharsAvail</name>
         <value>0x200115c9</value>
         <object_component_ref idref="oc-290"/>
      </symbol>
      <symbol id="sm-6cc">
         <name>UARTConfigSetExpClk</name>
         <value>0x2000f43d</value>
         <object_component_ref idref="oc-268"/>
      </symbol>
      <symbol id="sm-6cd">
         <name>UARTDMADisable</name>
         <value>0x200115df</value>
         <object_component_ref idref="oc-27f"/>
      </symbol>
      <symbol id="sm-6ce">
         <name>UARTDMAEnable</name>
         <value>0x200116d5</value>
         <object_component_ref idref="oc-320"/>
      </symbol>
      <symbol id="sm-6cf">
         <name>UARTDisable</name>
         <value>0x20010d17</value>
         <object_component_ref idref="oc-281"/>
      </symbol>
      <symbol id="sm-6d0">
         <name>UARTEnable</name>
         <value>0x200112f1</value>
         <object_component_ref idref="oc-26e"/>
      </symbol>
      <symbol id="sm-6d1">
         <name>UARTFIFOLevelSet</name>
         <value>0x200115f5</value>
         <object_component_ref idref="oc-270"/>
      </symbol>
      <symbol id="sm-6d2">
         <name>UARTFlowControlSet</name>
         <value>0x200114cd</value>
         <object_component_ref idref="oc-271"/>
      </symbol>
      <symbol id="sm-6d3">
         <name>UARTIntClear</name>
         <value>0x200118e1</value>
         <object_component_ref idref="oc-26d"/>
      </symbol>
      <symbol id="sm-6d4">
         <name>UARTIntDisable</name>
         <value>0x2001160b</value>
         <object_component_ref idref="oc-27e"/>
      </symbol>
      <symbol id="sm-6d5">
         <name>UARTIntEnable</name>
         <value>0x200116e9</value>
         <object_component_ref idref="oc-26f"/>
      </symbol>
      <symbol id="sm-6d6">
         <name>UARTIntStatus</name>
         <value>0x20010e77</value>
         <object_component_ref idref="oc-28b"/>
      </symbol>
      <symbol id="sm-6d7">
         <name>UARTRxErrorGet</name>
         <value>0x200118f1</value>
         <object_component_ref idref="oc-28d"/>
      </symbol>
      <symbol id="sm-730">
         <name>uDMAChannelAssign</name>
         <value>0x2000fe0d</value>
         <object_component_ref idref="oc-272"/>
      </symbol>
      <symbol id="sm-731">
         <name>uDMAChannelAttributeDisable</name>
         <value>0x2000f027</value>
         <object_component_ref idref="oc-273"/>
      </symbol>
      <symbol id="sm-732">
         <name>uDMAChannelControlSet</name>
         <value>0x20010645</value>
         <object_component_ref idref="oc-31d"/>
      </symbol>
      <symbol id="sm-733">
         <name>uDMAChannelDisable</name>
         <value>0x2001132d</value>
         <object_component_ref idref="oc-319"/>
      </symbol>
      <symbol id="sm-734">
         <name>uDMAChannelEnable</name>
         <value>0x2001134b</value>
         <object_component_ref idref="oc-31f"/>
      </symbol>
      <symbol id="sm-735">
         <name>uDMAChannelIsEnabled</name>
         <value>0x20011369</value>
         <object_component_ref idref="oc-28e"/>
      </symbol>
      <symbol id="sm-736">
         <name>uDMAChannelSizeGet</name>
         <value>0x2000ffd5</value>
         <object_component_ref idref="oc-31a"/>
      </symbol>
      <symbol id="sm-737">
         <name>uDMAChannelTransferSet</name>
         <value>0x2000e1cb</value>
         <object_component_ref idref="oc-31e"/>
      </symbol>
      <symbol id="sm-738">
         <name>uDMAControlBaseSet</name>
         <value>0x20011711</value>
         <object_component_ref idref="oc-265"/>
      </symbol>
      <symbol id="sm-739">
         <name>uDMAEnable</name>
         <value>0x20011969</value>
         <object_component_ref idref="oc-260"/>
      </symbol>
      <symbol id="sm-73a">
         <name>uDMAErrorStatusClear</name>
         <value>0x20011977</value>
         <object_component_ref idref="oc-390"/>
      </symbol>
      <symbol id="sm-73b">
         <name>uDMAErrorStatusGet</name>
         <value>0x20011a49</value>
         <object_component_ref idref="oc-38f"/>
      </symbol>
      <symbol id="sm-73c">
         <name>uDMAIntClear</name>
         <value>0x20011725</value>
         <object_component_ref idref="oc-31b"/>
      </symbol>
      <symbol id="sm-747">
         <name>UtilsDelay</name>
         <value>0x20011acd</value>
         <object_component_ref idref="oc-11b"/>
      </symbol>
      <symbol id="sm-774">
         <name>FlashDisable</name>
         <value>0x2000f9a1</value>
         <object_component_ref idref="oc-371"/>
      </symbol>
      <symbol id="sm-785">
         <name>snprintf</name>
         <value>0x20010439</value>
         <object_component_ref idref="oc-f8"/>
      </symbol>
      <symbol id="sm-7a5">
         <name>malloc</name>
         <value>0x20011ae5</value>
         <object_component_ref idref="oc-22c"/>
      </symbol>
      <symbol id="sm-7a6">
         <name>aligned_alloc</name>
         <value>0x2000de71</value>
         <object_component_ref idref="oc-2e7"/>
      </symbol>
      <symbol id="sm-7a7">
         <name>free</name>
         <value>0x2000e3d9</value>
         <object_component_ref idref="oc-1c4"/>
      </symbol>
      <symbol id="sm-7a8">
         <name>_sys_memory</name>
         <value>0x20004040</value>
         <object_component_ref idref="oc-31"/>
      </symbol>
      <symbol id="sm-7a9">
         <name>memalign</name>
         <value>0x2000de71</value>
         <object_component_ref idref="oc-2e7"/>
      </symbol>
      <symbol id="sm-7b4">
         <name>_c_int00_noargs</name>
         <value>0x20011129</value>
         <object_component_ref idref="oc-76"/>
      </symbol>
      <symbol id="sm-7b5">
         <name>__stack</name>
         <value>0x20003000</value>
         <object_component_ref idref="oc-16"/>
      </symbol>
      <symbol id="sm-7c1">
         <name>__TI_auto_init_nobinit_nopinit</name>
         <value>0x20010891</value>
         <object_component_ref idref="oc-bf"/>
      </symbol>
      <symbol id="sm-7c9">
         <name>_system_pre_init</name>
         <value>0x20011b31</value>
         <object_component_ref idref="oc-8b"/>
      </symbol>
      <symbol id="sm-7d4">
         <name>__TI_zero_init</name>
         <value>0x20011921</value>
         <object_component_ref idref="oc-49"/>
      </symbol>
      <symbol id="sm-7dd">
         <name>__TI_decompress_none</name>
         <value>0x20011993</value>
         <object_component_ref idref="oc-1c"/>
      </symbol>
      <symbol id="sm-7e7">
         <name>__TI_decompress_lzss</name>
         <value>0x2000f4b1</value>
         <object_component_ref idref="oc-18"/>
      </symbol>
      <symbol id="sm-807">
         <name>__TI_printfi_nofloat</name>
         <value>0x2000c041</value>
         <object_component_ref idref="oc-227"/>
      </symbol>
      <symbol id="sm-810">
         <name>wcslen</name>
         <value>0x20011911</value>
         <object_component_ref idref="oc-2ce"/>
      </symbol>
      <symbol id="sm-81b">
         <name>__aeabi_errno_addr</name>
         <value>0x20011ad5</value>
         <object_component_ref idref="oc-2d2"/>
      </symbol>
      <symbol id="sm-81c">
         <name>__aeabi_errno</name>
         <value>0x2001337c</value>
         <object_component_ref idref="oc-338"/>
      </symbol>
      <symbol id="sm-826">
         <name>abort</name>
         <value>0x20011b35</value>
         <object_component_ref idref="oc-b8"/>
      </symbol>
      <symbol id="sm-827">
         <name>C$$EXIT</name>
         <value>0x20011b34</value>
         <object_component_ref idref="oc-b8"/>
      </symbol>
      <symbol id="sm-830">
         <name>_nop</name>
         <value>0x2000fb6b</value>
         <object_component_ref idref="oc-1a3"/>
      </symbol>
      <symbol id="sm-831">
         <name>_lock</name>
         <value>0x20013380</value>
         <object_component_ref idref="oc-110"/>
      </symbol>
      <symbol id="sm-832">
         <name>_unlock</name>
         <value>0x20013384</value>
         <object_component_ref idref="oc-113"/>
      </symbol>
      <symbol id="sm-83f">
         <name>atoi</name>
         <value>0x20010605</value>
         <object_component_ref idref="oc-2ca"/>
      </symbol>
      <symbol id="sm-849">
         <name>memccpy</name>
         <value>0x2001130f</value>
         <object_component_ref idref="oc-2c3"/>
      </symbol>
      <symbol id="sm-851">
         <name>__aeabi_ctype_table_</name>
         <value>0x20012620</value>
         <object_component_ref idref="oc-331"/>
      </symbol>
      <symbol id="sm-852">
         <name>__aeabi_ctype_table_C</name>
         <value>0x20012620</value>
         <object_component_ref idref="oc-331"/>
      </symbol>
      <symbol id="sm-86a">
         <name>__aeabi_dmul</name>
         <value>0x2000e2dd</value>
         <object_component_ref idref="oc-188"/>
      </symbol>
      <symbol id="sm-86b">
         <name>__muldf3</name>
         <value>0x2000e2dd</value>
         <object_component_ref idref="oc-188"/>
      </symbol>
      <symbol id="sm-871">
         <name>__aeabi_d2iz</name>
         <value>0x20010141</value>
         <object_component_ref idref="oc-18c"/>
      </symbol>
      <symbol id="sm-872">
         <name>__fixdfsi</name>
         <value>0x20010141</value>
         <object_component_ref idref="oc-18c"/>
      </symbol>
      <symbol id="sm-878">
         <name>__aeabi_i2d</name>
         <value>0x20010d45</value>
         <object_component_ref idref="oc-184"/>
      </symbol>
      <symbol id="sm-879">
         <name>__floatsidf</name>
         <value>0x20010d45</value>
         <object_component_ref idref="oc-184"/>
      </symbol>
      <symbol id="sm-87f">
         <name>__aeabi_memcpy</name>
         <value>0x20011b2d</value>
         <object_component_ref idref="oc-3c"/>
      </symbol>
      <symbol id="sm-880">
         <name>__aeabi_memcpy4</name>
         <value>0x20011b2d</value>
         <object_component_ref idref="oc-3c"/>
      </symbol>
      <symbol id="sm-881">
         <name>__aeabi_memcpy8</name>
         <value>0x20011b2d</value>
         <object_component_ref idref="oc-3c"/>
      </symbol>
      <symbol id="sm-88a">
         <name>__aeabi_memset</name>
         <value>0x20011a91</value>
         <object_component_ref idref="oc-2c2"/>
      </symbol>
      <symbol id="sm-88b">
         <name>__aeabi_memset4</name>
         <value>0x20011a91</value>
         <object_component_ref idref="oc-2c2"/>
      </symbol>
      <symbol id="sm-88c">
         <name>__aeabi_memset8</name>
         <value>0x20011a91</value>
         <object_component_ref idref="oc-2c2"/>
      </symbol>
      <symbol id="sm-88d">
         <name>__aeabi_memclr</name>
         <value>0x20011add</value>
         <object_component_ref idref="oc-67"/>
      </symbol>
      <symbol id="sm-88e">
         <name>__aeabi_memclr4</name>
         <value>0x20011add</value>
         <object_component_ref idref="oc-67"/>
      </symbol>
      <symbol id="sm-88f">
         <name>__aeabi_memclr8</name>
         <value>0x20011add</value>
         <object_component_ref idref="oc-67"/>
      </symbol>
      <symbol id="sm-895">
         <name>__aeabi_uldivmod</name>
         <value>0x200116fd</value>
         <object_component_ref idref="oc-23e"/>
      </symbol>
      <symbol id="sm-89b">
         <name>__udivmoddi4</name>
         <value>0x2000ea71</value>
         <object_component_ref idref="oc-2ee"/>
      </symbol>
      <symbol id="sm-8a6">
         <name>__aeabi_ldiv0</name>
         <value>0x2000f8df</value>
         <object_component_ref idref="oc-365"/>
      </symbol>
      <symbol id="sm-8af">
         <name>TI_memcpy_small</name>
         <value>0x200117ff</value>
         <object_component_ref idref="oc-81"/>
      </symbol>
      <symbol id="sm-8b7">
         <name>TI_memset_small</name>
         <value>0x20011985</value>
         <object_component_ref idref="oc-9e"/>
      </symbol>
      <symbol id="sm-8b8">
         <name>__TI_static_base__</name>
         <value>0x20013390</value>
      </symbol>
      <symbol id="sm-8bb">
         <name>ITM_flush</name>
         <value>0x0</value>
      </symbol>
      <symbol id="sm-8bc">
         <name>ITM_restore</name>
         <value>0x0</value>
      </symbol>
      <symbol id="sm-8bd">
         <name>__mpu_init</name>
         <value>0x0</value>
      </symbol>
      <symbol id="sm-8be">
         <name>_system_post_cinit</name>
         <value>0x0</value>
      </symbol>
   </symbol_table>
   <title>Link successful</title>
</link_info>
