******************************************************************************
            TI ARM Clang Linker PC v3.2.0                      
******************************************************************************
>> Linked Mon Dec 18 17:42:26 2023

OUTPUT FILE NAME:   <gpiointerrupt_CC3220S_LAUNCHXL_nortos_ticlang.out>
ENTRY POINT SYMBOL: "resetISR"  address: 20011415


MEMORY CONFIGURATION

         name            origin    length      used     unused   attr    fill
----------------------  --------  ---------  --------  --------  ----  --------
  SRAM2                 20000000   00004000  0000130c  00002cf4  RW X
  SRAM                  20004000   0003c000  0000f3b5  0002cc4b  RW X
  LOG_DATA              90000000   00040000  00000000  00040000  R   
  LOG_PTR               94000008   00040000  00000000  00040000  R   


SEGMENT ALLOCATION MAP

run origin  load origin   length   init length attrs members
----------  ----------- ---------- ----------- ----- -------
20003000    20003000    00001000   00000000    rw-
  20003000    20003000    00001000   00000000    rw- .stack
20004000    20004000    00000040   00000040    r--
  20004000    20004000    00000040   00000040    r-- .resetVecs
20004040    20004040    00008000   00000000    rw-
  20004040    20004040    00008000   00000000    rw- .sysmem
2000c040    2000c040    00005af8   00005af8    r-x
  2000c040    2000c040    00005af8   00005af8    r-x .text
20011c00    20011c00    00000a17   00000000    rw-
  20011c00    20011c00    00000a17   00000000    rw- .bss
20012620    20012620    000006c5   000006c5    r--
  20012620    20012620    000006c5   000006c5    r-- .rodata
20012ce8    20012ce8    000006a5   00000000    rw-
  20012ce8    20012ce8    000006a5   00000000    rw- .data
20013390    20013390    000000fc   000000fc    r--
  20013390    20013390    000000fc   000000fc    r-- .cinit


SECTION ALLOCATION MAP

 output                                  attributes/
section   page    origin      length       input sections
--------  ----  ----------  ----------   ----------------
.text      0    2000c040    00005af8     
                  2000c040    0000086c     libc.a : _printfi.c.obj (.text:__TI_printfi_nofloat)
                  2000c8ac    000004b8     driverlib.a : prcm.obj (.text.PRCMCC3200MCUInit)
                  2000cd64    000003e4     drivers_cc32xx.a : PowerCC32XX.c.obj (.text.Power_sleep)
                  2000d148    00000222                      : UART2CC32XX.c.obj (.text.UART2CC32XX_hwiIntFxn)
                  2000d36a    00000002     ti_drivers_config.o (.text.Board_initHook)
                  2000d36c    000001cc     drivers_cc32xx.a : UART2CC32XX.c.obj (.text.UART2_open)
                  2000d538    0000018c     gpiointerrupt.o (.text.initI2C)
                  2000d6c4    00000174     drivers_cc32xx.a : UART2.c.obj (.text.UART2_writeTimeoutBlocking)
                  2000d838    00000150     nortos_cc32xx.a : PowerCC32XX_nortos.c.obj (.text.PowerCC32XX_sleepPolicy)
                  2000d988    00000148     drivers_cc32xx.a : TimerCC32XX.c.obj (.text.Timer_open)
                  2000dad0    00000140                      : GPIOCC32XX.c.obj (.text.GPIO_setConfig)
                  2000dc10    00000138                      : I2CCC32XX.c.obj (.text.I2CCC32XX_hwiFxn)
                  2000dd48    00000126                      : I2C.c.obj (.text.I2C_transferTimeout)
                  2000de6e    00000002                      : I2C.c.obj (.text.I2C_init)
                  2000de70    00000120     libc.a : memory.c.obj (.text.aligned_alloc)
                  2000df90    00000120     gpiointerrupt.o (.text.mainThread)
                  2000e0b0    0000011a     drivers_cc32xx.a : UART2.c.obj (.text.UART2_writeTimeoutNonblocking)
                  2000e1ca    00000112     driverlib.a : udma.obj (.text.uDMAChannelTransferSet)
                  2000e2dc    000000fc     libclang_rt.builtins.a : muldf3.S.obj (.text.__muldf3)
                  2000e3d8    000000f0     libc.a : memory.c.obj (.text.free)
                  2000e4c8    000000e8     drivers_cc32xx.a : I2CCC32XX.c.obj (.text.I2C_open)
                  2000e5b0    000000e8                      : UART2CC32XX.c.obj (.text.UART2_close)
                  2000e698    000000cc                      : UART2CC32XX.c.obj (.text.UART2Support_dmaStartRx)
                  2000e764    000000c8     driverlib.a : interrupt.obj (.text.IntDisable)
                  2000e82c    000000c8                 : interrupt.obj (.text.IntEnable)
                  2000e8f4    000000c4     drivers_cc32xx.a : UART2CC32XX.c.obj (.text.UART2CC32XX_initHw)
                  2000e9b8    000000b8                      : UART2CC32XX.c.obj (.text.UART2Support_dmaStartTx)
                  2000ea70    000000b0     libclang_rt.builtins.a : udivmoddi4.S.obj (.text)
                  2000eb20    000000ac     driverlib.a : gpio.obj (.text.GPIOIntTypeSet)
                  2000ebcc    000000a4                 : interrupt.obj (.text.IntPendSet)
                  2000ec70    000000a4     gpiointerrupt.o (.text.readTemp)
                  2000ed14    000000a2     driverlib.a : pin.obj (.text.PinConfigSet)
                  2000edb6    0000009c     drivers_cc32xx.a : I2CCC32XX.c.obj (.text.I2CCC32XX_completeTransfer)
                  2000ee52    00000098     driverlib.a : i2c.obj (.text.I2CMasterInitExpClk)
                  2000eeea    00000002     nortos_cc32xx.a : PowerCC32XX_nortos.c.obj (.text.PowerCC32XX_initPolicy)
                  2000eeec    00000098                     : SemaphoreP_nortos.c.obj (.text.SemaphoreP_pend)
                  2000ef84    0000000c     driverlib.a : cpu.obj (.text.CPUwfi)
                  2000ef90    00000096     drivers_cc32xx.a : PowerCC32XX_ticlang.asm.obj (.text)
                  2000f026    00000092     driverlib.a : udma.obj (.text.uDMAChannelAttributeDisable)
                  2000f0b8    00000090     drivers_cc32xx.a : GPIOCC32XX.c.obj (.text.GPIO_init)
                  2000f148    0000008e     driverlib.a : prcm.obj (.text.PRCMSysResetCauseGet)
                  2000f1d6    00000002     nortos_cc32xx.a : SemaphoreP_nortos.c.obj (.text.SemaphoreP_destruct)
                  2000f1d8    00000088     drivers_cc32xx.a : PowerCC32XX.c.obj (.text.PowerCC32XX_configureWakeup)
                  2000f260    0000007a                      : I2CCC32XX.c.obj (.text.I2CCC32XX_primeReadBurst)
                  2000f2da    00000002                      : Timer.c.obj (.text.Timer_init)
                  2000f2dc    00000078                      : PowerCC32XX.c.obj (.text.Power_init)
                  2000f354    00000074     nortos_cc32xx.a : HwiPCC32XX_nortos.c.obj (.text.HwiP_construct)
                  2000f3c8    00000074     driverlib.a : prcm.obj (.text.PRCMHibernateWakeUpGPIOSelect)
                  2000f43c    00000074                 : uart.obj (.text.UARTConfigSetExpClk)
                  2000f4b0    00000070     libc.a : copy_decompress_lzss.c.obj (.text:decompress:lzss)
                  2000f520    0000006c     driverlib.a : pin.obj (.text.PinLockLevelSet)
                  2000f58c    0000006c     drivers_cc32xx.a : PowerCC32XX.c.obj (.text.Power_setDependency)
                  2000f5f8    0000006c                      : UDMACC32XX.c.obj (.text.UDMACC32XX_open)
                  2000f664    0000006c                      : GPIOCC32XX.c.obj (.text.powerNotifyFxn)
                  2000f6d0    0000006c     libc.a : memory.c.obj (.text.split)
                  2000f73c    0000006a     driverlib.a : prcm.obj (.text.PRCMPeripheralReset)
                  2000f7a6    00000002     drivers_cc32xx.a : UART2CC32XX.c.obj (.text.UART2CC32XX_eventCallback)
                  2000f7a8    00000068                      : I2CCC32XX.c.obj (.text.I2CCC32XX_initHw)
                  2000f810    00000068     driverlib.a : interrupt.obj (.text.IntPendClear)
                  2000f878    00000066     drivers_cc32xx.a : I2CCC32XX.c.obj (.text.I2CCC32XX_primeWriteBurst)
                  2000f8de    00000002     libclang_rt.builtins.a : aeabi_div0.c.obj (.text.__aeabi_ldiv0)
                  2000f8e0    00000060     drivers_cc32xx.a : GPIOCC32XX.c.obj (.text.GPIO_write)
                  2000f940    00000060                      : UART2CC32XX.c.obj (.text.UART2Support_dmaStopTx)
                  2000f9a0    0000005c     driverlib.a : flash.obj (.text.FlashDisable)
                  2000f9fc    0000005c     drivers_cc32xx.a : I2CCC32XX.c.obj (.text.I2CSupport_primeTransfer)
                  2000fa58    0000005c     driverlib.a : prcm.obj (.text.PRCMHibernateWakeupSourceDisable)
                  2000fab4    0000005c     drivers_cc32xx.a : TimerCC32XX.c.obj (.text.TimerCC32XX_allocateTimerResource)
                  2000fb10    0000005a     driverlib.a : prcm.obj (.text.PRCMPeripheralClkEnable)
                  2000fb6a    00000002     libc.a : _lock.c.obj (.text._nop)
                  2000fb6c    00000058     nortos_cc32xx.a : ClockPSysTick_nortos.c.obj (.text.ClockP_startup)
                  2000fbc4    00000058     driverlib.a : interrupt.obj (.text.IntPrioritySet)
                  2000fc1c    00000056                 : prcm.obj (.text.PRCMLPDSEnter)
                  2000fc72    00000002     nortos_cc32xx.a : startup_cc32xx_ticlang.c.obj (.text.busFaultHandler)
                  2000fc74    00000054     drivers_cc32xx.a : PowerCC32XX.c.obj (.text.PowerCC32XX_setParkState)
                  2000fcc8    00000054                      : PowerCC32XX.c.obj (.text.Power_releaseDependency)
                  2000fd1c    00000050                      : GPIOCC32XX.c.obj (.text.GPIO_hwiIntFxn)
                  2000fd6c    00000050     driverlib.a : prcm.obj (.text.PRCMHibernateWakeupSourceEnable)
                  2000fdbc    00000050     nortos_cc32xx.a : SemaphoreP_nortos.c.obj (.text.SemaphoreP_construct)
                  2000fe0c    0000004e     driverlib.a : udma.obj (.text.uDMAChannelAssign)
                  2000fe5a    00000002     nortos_cc32xx.a : SemaphoreP_nortos.c.obj (.text.clkFxn)
                  2000fe5c    0000004c     drivers_cc32xx.a : GPIOCC32XX.c.obj (.text.GPIO_setInterruptConfig)
                  2000fea8    0000004c     driverlib.a : prcm.obj (.text.PRCMLPDSRestoreInfoSet)
                  2000fef4    0000004c     drivers_cc32xx.a : TimerCC32XX.c.obj (.text.initHw)
                  2000ff40    0000004a                      : UART2CC32XX.c.obj (.text.UART2Support_dmaStopRx)
                  2000ff8a    0000004a                      : TimerCC32XX.c.obj (.text.getPrescaler)
                  2000ffd4    0000004a     driverlib.a : udma.obj (.text.uDMAChannelSizeGet)
                  2001001e    00000002     nortos_cc32xx.a : startup_cc32xx_ticlang.c.obj (.text.defaultHandler)
                  20010020    00000048                     : ClockPSysTick_nortos.c.obj (.text.ClockP_sysTickHandler)
                  20010068    00000048     driverlib.a : prcm.obj (.text.PRCMIntEnable)
                  200100b0    00000048                 : prcm.obj (.text.PRCMPeripheralStatusGet)
                  200100f8    00000048                 : pin.obj (.text.PinConfigGet)
                  20010140    00000048     libclang_rt.builtins.a : fixdfsi.S.obj (.text.__fixdfsi)
                  20010188    00000046     drivers_cc32xx.a : I2CCC32XX.c.obj (.text.I2CCC32XX_fillTransmitFifo)
                  200101ce    00000046     driverlib.a : prcm.obj (.text.PRCMLPDSEnterKeepDebugIf)
                  20010214    00000046     drivers_cc32xx.a : RingBuf.c.obj (.text.RingBuf_put)
                  2001025a    00000044     driverlib.a : gpio.obj (.text.GPIODirModeSet)
                  2001029e    00000002     nortos_cc32xx.a : startup_cc32xx_ticlang.c.obj (.text.faultISR)
                  200102a0    00000044     drivers_cc32xx.a : GPIOCC32XX.c.obj (.text.GPIO_disableInt)
                  200102e4    00000044                      : GPIOCC32XX.c.obj (.text.GPIO_enableInt)
                  20010328    00000044                      : PowerCC32XX.c.obj (.text.Power_releaseConstraint)
                  2001036c    00000044                      : Timer.c.obj (.text.Timer_start)
                  200103b0    00000044     nortos_cc32xx.a : ClockPSysTick_nortos.c.obj (.text.addToList)
                  200103f4    00000044     gpiointerrupt.o (.text.initTimer)
                  20010438    00000044     libc.a : snprintf.c.obj (.text.snprintf)
                  2001047c    00000042     driverlib.a : pin.obj (.text.PinModeSet)
                  200104be    00000042                 : timer.obj (.text.TimerControlStall)
                  20010500    00000042     drivers_cc32xx.a : TimerCC32XX.c.obj (.text.Timer_close)
                  20010542    00000042     nortos_cc32xx.a : PowerCC32XX_nortos.c.obj (.text.getCountsRTC)
                  20010584    00000040                     : SemaphoreP_nortos.c.obj (.text.SemaphoreP_post)
                  200105c4    00000040     drivers_cc32xx.a : Timer.c.obj (.text.Timer_stop)
                  20010604    00000040     libc.a : atoi.c.obj (.text.atoi)
                  20010644    00000040     driverlib.a : udma.obj (.text.uDMAChannelControlSet)
                  20010684    0000003e                 : pin.obj (.text.PinDirModeSet)
                  200106c2    00000002     nortos_cc32xx.a : startup_cc32xx_ticlang.c.obj (.text.nmiISR)
                  200106c4    0000003c                     : ClockPSysTick_nortos.c.obj (.text.ClockP_stop)
                  20010700    0000003c     drivers_cc32xx.a : UDMACC32XX.c.obj (.text.UDMACC32XX_init)
                  2001073c    0000003a                      : TimerCC32XX.c.obj (.text.TimerSupport_timerEnable)
                  20010776    00000002     --HOLE-- [fill = 0]
                  20010778    00000038     nortos_cc32xx.a : ClockPSysTick_nortos.c.obj (.text.ClockP_destruct)
                  200107b0    00000038     drivers_cc32xx.a : PowerCC32XX.c.obj (.text.Power_setConstraint)
                  200107e8    00000038                      : RingBuf.c.obj (.text.RingBuf_putAdvance)
                  20010820    00000038     nortos_cc32xx.a : SwiP_nortos.c.obj (.text.SwiP_restore)
                  20010858    00000038     drivers_cc32xx.a : UDMACC32XX.c.obj (.text.UDMACC32XX_close)
                  20010890    00000038     libc.a : autoinit.c.obj (.text:__TI_auto_init_nobinit_nopinit)
                  200108c8    00000036     driverlib.a : pin.obj (.text.PinLock)
                  200108fe    00000036     drivers_cc32xx.a : TimerCC32XX.c.obj (.text.TimerCC32XX_hwiIntFunction)
                  20010934    00000036     driverlib.a : uart.obj (.text.UARTCharPutNonBlocking)
                  2001096a    00000002     --HOLE-- [fill = 0]
                  2001096c    00000034     nortos_cc32xx.a : ClockPSysTick_nortos.c.obj (.text.ClockP_start)
                  200109a0    00000034     driverlib.a : i2c.obj (.text.I2CFIFODataPutNonBlocking)
                  200109d4    00000034                 : pin.obj (.text.PinDirModeGet)
                  20010a08    00000034                 : pin.obj (.text.PinModeGet)
                  20010a3c    00000034     drivers_cc32xx.a : PowerCC32XX.c.obj (.text.PowerCC32XX_parkPin)
                  20010a70    00000034                      : TimerCC32XX.c.obj (.text.TimerCC32XX_freeTimerResource)
                  20010aa4    00000034                      : UART2.c.obj (.text.UART2_rxDisable)
                  20010ad8    00000034     nortos_cc32xx.a : startup_cc32xx_ticlang.c.obj (.text.initVectors)
                  20010b0c    00000030                     : ClockPSysTick_nortos.c.obj (.text.ClockP_getTicksUntilInterrupt)
                  20010b3c    00000030     driverlib.a : i2c.obj (.text.I2CFIFODataGetNonBlocking)
                  20010b6c    00000030                 : prcm.obj (.text.PRCMLPDSIntervalSet)
                  20010b9c    00000030                 : prcm.obj (.text.PRCMSlowClkCtrFastGet)
                  20010bcc    00000030                 : timer.obj (.text.TimerLoadSet)
                  20010bfc    00000030                 : timer.obj (.text.TimerPrescaleSet)
                  20010c2c    00000030     libc.a : snprintf.c.obj (.text._outs)
                  20010c5c    00000030     drivers_cc32xx.a : PowerCC32XX.c.obj (.text.notify)
                  20010c8c    0000002e     driverlib.a : gpio.obj (.text.GPIOIntStatus)
                  20010cba    0000002e     drivers_cc32xx.a : RingBuf.c.obj (.text.RingBuf_getConsume)
                  20010ce8    0000002e                      : RingBuf.c.obj (.text.RingBuf_putPointer)
                  20010d16    0000002e     driverlib.a : uart.obj (.text.UARTDisable)
                  20010d44    0000002e     libclang_rt.builtins.a : floatsidf.S.obj (.text.__floatsidf)
                  20010d72    0000002c     driverlib.a : i2c.obj (.text.I2CMasterIntStatusEx)
                  20010d9e    0000002c     drivers_cc32xx.a : UART2CC32XX.c.obj (.text.UART2CC32XX_getRxData)
                  20010dca    00000002     --HOLE-- [fill = 0]
                  20010dcc    0000002c     gpiointerrupt.o (.text.initUART)
                  20010df8    0000002a     nortos_cc32xx.a : HwiPCC32XX_nortos.c.obj (.text.HwiP_create)
                  20010e22    0000002a     driverlib.a : prcm.obj (.text.PRCMLPDSWakeUpGPIOSelect)
                  20010e4c    0000002a                 : prcm.obj (.text.PRCMPeripheralClkDisable)
                  20010e76    0000002a                 : uart.obj (.text.UARTIntStatus)
                  20010ea0    00000028                 : i2c.obj (.text.I2CMasterBusBusy)
                  20010ec8    00000028                 : i2c.obj (.text.I2CMasterSlaveAddrSet)
                  20010ef0    00000028                 : i2c.obj (.text.I2CTxFIFOConfigSet)
                  20010f18    00000028     drivers_cc32xx.a : I2C.c.obj (.text.I2C_cancel)
                  20010f40    00000028                      : List.c.obj (.text.List_remove)
                  20010f68    00000028     driverlib.a : prcm.obj (.text.PRCMSRAMRetentionEnable)
                  20010f90    00000028     drivers_cc32xx.a : PowerCC32XX.c.obj (.text.PowerCC32XX_getParkState)
                  20010fb8    00000028                      : TimerCC32XX.c.obj (.text.TimerSupport_timerDisable)
                  20010fe0    00000028     libc.a : memory.c.obj (.text.free_list_insert)
                  20011008    00000024     driverlib.a : i2c.obj (.text.I2CRxFIFOConfigSet)
                  2001102c    00000024                 : interrupt.obj (.text.IntUnregister)
                  20011050    00000024     drivers_cc32xx.a : List.c.obj (.text.List_put)
                  20011074    00000024     driverlib.a : prcm.obj (.text.PRCMLPDSWakeupSourceEnable)
                  20011098    00000024     drivers_cc32xx.a : PowerCC32XX.c.obj (.text.PowerCC32XX_restoreParkState)
                  200110bc    00000024                      : PowerCC32XX.c.obj (.text.PowerCC32XX_restoreParkedPin)
                  200110e0    00000024                      : PowerCC32XX.c.obj (.text.Power_registerNotify)
                  20011104    00000024                      : UART2CC32XX.c.obj (.text.UART2Support_disableRx)
                  20011128    00000024     libc.a : boot_cortex_m.c.obj (.text:_c_int00_noargs)
                  2001114c    00000022     driverlib.a : gpio.obj (.text.GPIOPinWrite)
                  2001116e    00000022                 : pin.obj (.text.PinUnlock)
                  20011190    00000022     drivers_cc32xx.a : RingBuf.c.obj (.text.RingBuf_getPointer)
                  200111b2    00000022                      : UART2CC32XX.c.obj (.text.UART2Support_sendData)
                  200111d4    00000020     driverlib.a : interrupt.obj (.text.IntRegister)
                  200111f4    00000020                 : pin.obj (.text.PinTypeI2C)
                  20011214    00000020     drivers_cc32xx.a : PowerCC32XX.c.obj (.text.PowerCC32XX_reset)
                  20011234    00000020                      : PowerCC32XX.c.obj (.text.Power_unregisterNotify)
                  20011254    00000020     nortos_cc32xx.a : SemaphoreP_nortos.c.obj (.text.SemaphoreP_constructBinary)
                  20011274    00000020                     : SemaphoreP_nortos.c.obj (.text.SemaphoreP_createBinary)
                  20011294    00000020     driverlib.a : timer.obj (.text.TimerDisable)
                  200112b4    0000001e                 : pin.obj (.text.PinTypeUART)
                  200112d2    0000001e     drivers_cc32xx.a : UART2.c.obj (.text.UART2_writeTimeout)
                  200112f0    0000001e     driverlib.a : uart.obj (.text.UARTEnable)
                  2001130e    0000001e     libc.a : memccpy.c.obj (.text.memccpy)
                  2001132c    0000001e     driverlib.a : udma.obj (.text.uDMAChannelDisable)
                  2001134a    0000001e                 : udma.obj (.text.uDMAChannelEnable)
                  20011368    0000001e                 : udma.obj (.text.uDMAChannelIsEnabled)
                  20011386    00000002     --HOLE-- [fill = 0]
                  20011388    0000001c     drivers_cc32xx.a : GPIO.c.obj (.text.GPIO_setCallback)
                  200113a4    0000001c     nortos_cc32xx.a : HwiPCC32XX_nortos.c.obj (.text.HwiP_dispatch)
                  200113c0    0000001c                     : SwiP_nortos.c.obj (.text.SwiP_disable)
                  200113dc    0000001c     libc.a : memory.c.obj (.text.free_list_remove)
                  200113f8    0000001c     drivers_cc32xx.a : TimerCC32XX.c.obj (.text.getPowerMgrId)
                  20011414    0000001c     nortos_cc32xx.a : startup_cc32xx_ticlang.c.obj (.text.resetISR)
                  20011430    0000001a     driverlib.a : gpio.obj (.text.GPIOIntDisable)
                  2001144a    0000001a                 : prcm.obj (.text.PRCMHIBRegRead)
                  20011464    0000001a                 : prcm.obj (.text.PRCMHIBRegWrite)
                  2001147e    0000001a                 : prcm.obj (.text.PRCMLPDSWakeupSourceDisable)
                  20011498    0000001a                 : pin.obj (.text.PinToPadGet)
                  200114b2    0000001a                 : timer.obj (.text.TimerEnable)
                  200114cc    0000001a                 : uart.obj (.text.UARTFlowControlSet)
                  200114e6    00000018                 : gpio.obj (.text.GPIOIntEnable)
                  200114fe    00000018     nortos_cc32xx.a : SemaphoreP_nortos.c.obj (.text.SemaphoreP_create)
                  20011516    00000018     libc.a : snprintf.c.obj (.text._outc)
                  2001152e    00000016     ti_drivers_config.o (.text.Board_init)
                  20011544    00000016     driverlib.a : i2c.obj (.text.I2CMasterBurstLengthSet)
                  2001155a    00000016                 : i2c.obj (.text.I2CMasterIntDisableEx)
                  20011570    00000016                 : i2c.obj (.text.I2CRxFIFOFlush)
                  20011586    00000016                 : i2c.obj (.text.I2CTxFIFOFlush)
                  2001159c    00000016                 : systick.obj (.text.SysTickPeriodSet)
                  200115b2    00000016                 : timer.obj (.text.TimerIntDisable)
                  200115c8    00000016                 : uart.obj (.text.UARTCharsAvail)
                  200115de    00000016                 : uart.obj (.text.UARTDMADisable)
                  200115f4    00000016                 : uart.obj (.text.UARTFIFOLevelSet)
                  2001160a    00000016                 : uart.obj (.text.UARTIntDisable)
                  20011620    00000014                 : cpu.obj (.text.CPUcpsid)
                  20011634    00000014                 : cpu.obj (.text.CPUcpsie)
                  20011648    00000014     nortos_cc32xx.a : HwiPCC32XX_nortos.c.obj (.text.HwiP_destruct)
                  2001165c    00000014     driverlib.a : i2c.obj (.text.I2CMasterIntEnableEx)
                  20011670    00000014                 : interrupt.obj (.text.IntVTableBaseSet)
                  20011684    00000014     drivers_cc32xx.a : PowerCC32XX.c.obj (.text.Power_disablePolicy)
                  20011698    00000014                      : PowerCC32XX.c.obj (.text.Power_getTransitionLatency)
                  200116ac    00000014                      : PowerCC32XX.c.obj (.text.Power_idleFunc)
                  200116c0    00000014     driverlib.a : timer.obj (.text.TimerIntEnable)
                  200116d4    00000014                 : uart.obj (.text.UARTDMAEnable)
                  200116e8    00000014                 : uart.obj (.text.UARTIntEnable)
                  200116fc    00000014     libclang_rt.builtins.a : aeabi_uldivmod.S.obj (.text.__aeabi_uldivmod)
                  20011710    00000014     driverlib.a : udma.obj (.text.uDMAControlBaseSet)
                  20011724    00000014                 : udma.obj (.text.uDMAIntClear)
                  20011738    00000012     nortos_cc32xx.a : ClockPSysTick_nortos.c.obj (.text.ClockP_add)
                  2001174a    00000012     driverlib.a : gpio.obj (.text.GPIOIntClear)
                  2001175c    00000012     nortos_cc32xx.a : HwiPCC32XX_nortos.c.obj (.text.HwiP_Params_init)
                  2001176e    00000012                     : HwiPCC32XX_nortos.c.obj (.text.HwiP_delete)
                  20011780    00000012     driverlib.a : i2c.obj (.text.I2CMasterDisable)
                  20011792    00000012                 : i2c.obj (.text.I2CMasterEnable)
                  200117a4    00000012     drivers_cc32xx.a : I2C.c.obj (.text.I2C_transfer)
                  200117b6    00000012     driverlib.a : systick.obj (.text.SysTickEnable)
                  200117c8    00000012                 : systick.obj (.text.SysTickIntDisable)
                  200117da    00000012                 : systick.obj (.text.SysTickIntEnable)
                  200117ec    00000012     drivers_cc32xx.a : UDMACC32XX.c.obj (.text.postNotifyFxn)
                  200117fe    00000012     libc.a : memcpy_t2.S.obj (.text:TI_memcpy_small)
                  20011810    00000010     nortos_cc32xx.a : ClockPSysTick_nortos.c.obj (.text.ClockP_getCpuFreq)
                  20011820    00000010                     : ClockPSysTick_nortos.c.obj (.text.ClockP_getSystemTicks)
                  20011830    00000010                     : ClockPSysTick_nortos.c.obj (.text.ClockP_setTicks)
                  20011840    00000010                     : HwiPCC32XX_nortos.c.obj (.text.HwiP_inISR)
                  20011850    00000010     driverlib.a : i2c.obj (.text.I2CMasterControl)
                  20011860    00000010                 : i2c.obj (.text.I2CMasterIntClearEx)
                  20011870    00000010                 : i2c.obj (.text.I2CMasterTimeoutSet)
                  20011880    00000010     drivers_cc32xx.a : PowerCC32XX.c.obj (.text.Power_enablePolicy)
                  20011890    00000010                      : RingBuf.c.obj (.text.RingBuf_construct)
                  200118a0    00000010     driverlib.a : timer.obj (.text.TimerIntClear)
                  200118b0    00000010     drivers_cc32xx.a : Timer.c.obj (.text.Timer_Params_init)
                  200118c0    00000010                      : UART2CC32XX.c.obj (.text.UART2Support_txDone)
                  200118d0    00000010     driverlib.a : uart.obj (.text.UARTBusy)
                  200118e0    00000010                 : uart.obj (.text.UARTIntClear)
                  200118f0    00000010                 : uart.obj (.text.UARTRxErrorGet)
                  20011900    00000010     main_nortos.o (.text.main)
                  20011910    00000010     libc.a : wcslen.c.obj (.text.wcslen)
                  20011920    00000010            : copy_zero_init.c.obj (.text:decompress:ZI)
                  20011930    0000000e     nortos_cc32xx.a : HwiPCC32XX_nortos.c.obj (.text.HwiP_interruptsEnabled)
                  2001193e    0000000e     driverlib.a : i2c.obj (.text.I2CFIFOStatus)
                  2001194c    0000000e     drivers_cc32xx.a : UART2.c.obj (.text.UART2_write)
                  2001195a    0000000e     libc.a : _printfi.c.obj (.text.strlen)
                  20011968    0000000e     driverlib.a : udma.obj (.text.uDMAEnable)
                  20011976    0000000e                 : udma.obj (.text.uDMAErrorStatusClear)
                  20011984    0000000e     libc.a : memset_t2.S.obj (.text:TI_memset_small)
                  20011992    0000000e            : copy_decompress_none.c.obj (.text:decompress:none)
                  200119a0    0000000c     drivers_cc32xx.a : I2CCC32XX.c.obj (.text.I2CCC32XX_postNotify)
                  200119ac    0000000c                      : I2C.c.obj (.text.I2C_Params_init)
                  200119b8    0000000c                      : I2CCC32XX.c.obj (.text.OUTLINED_FUNCTION_0)
                  200119c4    0000000c                      : UART2CC32XX.c.obj (.text.OUTLINED_FUNCTION_0)
                  200119d0    0000000c     driverlib.a : prcm.obj (.text.PRCMLPDSWakeupCauseGet)
                  200119dc    0000000c     drivers_cc32xx.a : PowerCC32XX.c.obj (.text.Power_getConstraintMask)
                  200119e8    0000000c                      : UART2CC32XX.c.obj (.text.UART2CC32XX_postNotifyFxn)
                  200119f4    0000000c                      : UART2CC32XX.c.obj (.text.UART2Support_disableTx)
                  20011a00    0000000c                      : UART2CC32XX.c.obj (.text.UART2Support_enableTx)
                  20011a0c    0000000c                      : UART2.c.obj (.text.UART2_Params_init)
                  20011a18    0000000c     gpiointerrupt.o (.text.gpioButtonFxn0)
                  20011a24    0000000c     gpiointerrupt.o (.text.gpioButtonFxn1)
                  20011a30    0000000c     drivers_cc32xx.a : TimerCC32XX.c.obj (.text.postNotifyFxn)
                  20011a3c    0000000c     gpiointerrupt.o (.text.timerCallback)
                  20011a48    0000000c     driverlib.a : udma.obj (.text.uDMAErrorStatusGet)
                  20011a54    0000000a                 : cpu.obj (.text.CPUprimask)
                  20011a5e    0000000a     nortos_cc32xx.a : ClockPSysTick_nortos.c.obj (.text.ClockP_isActive)
                  20011a68    0000000a     driverlib.a : interrupt.obj (.text.IntMasterDisable)
                  20011a72    0000000a                 : interrupt.obj (.text.IntMasterEnable)
                  20011a7c    0000000a     drivers_cc32xx.a : UART2CC32XX.c.obj (.text.OUTLINED_FUNCTION_1)
                  20011a86    0000000a                      : UART2CC32XX.c.obj (.text.OUTLINED_FUNCTION_2)
                  20011a90    0000000a     libclang_rt.builtins.a : aeabi_memset.S.obj (.text.__aeabi_memset)
                  20011a9a    0000000a     ti_drivers_config.o (.text.dmaErrorFxn)
                  20011aa4    00000008     nortos_cc32xx.a : HwiPCC32XX_nortos.c.obj (.text.HwiP_disable)
                  20011aac    00000008                     : HwiPCC32XX_nortos.c.obj (.text.HwiP_restore)
                  20011ab4    00000008     drivers_cc32xx.a : I2CCC32XX.c.obj (.text.I2CCC32XX_blockingCallback)
                  20011abc    00000008                      : I2CCC32XX.c.obj (.text.I2CSupport_controllerFinish)
                  20011ac4    00000008     driverlib.a : prcm.obj (.text.PRCMSleepEnter)
                  20011acc    00000008                 : utils.obj (.text.UtilsDelay)
                  20011ad4    00000008     libc.a : aeabi_portable.c.obj (.text.__aeabi_errno_addr)
                  20011adc    00000008     libclang_rt.builtins.a : aeabi_memset.S.obj (.text.__aeabi_memclr)
                  20011ae4    00000008     libc.a : memory.c.obj (.text.malloc)
                  20011aec    00000006     drivers_cc32xx.a : I2CCC32XX.c.obj (.text.I2CSupport_powerRelConstraint)
                  20011af2    00000006                      : I2CCC32XX.c.obj (.text.I2CSupport_powerSetConstraint)
                  20011af8    00000006     gpiointerrupt.o (.text.OUTLINED_FUNCTION_0)
                  20011afe    00000006     drivers_cc32xx.a : UART2CC32XX.c.obj (.text.UART2Support_powerRelConstraint)
                  20011b04    00000004     nortos_cc32xx.a : ClockPSysTick_nortos.c.obj (.text.ClockP_doTick)
                  20011b08    00000004                     : HwiPCC32XX_nortos.c.obj (.text.HwiP_clearInterrupt)
                  20011b0c    00000004                     : HwiPCC32XX_nortos.c.obj (.text.HwiP_disableInterrupt)
                  20011b10    00000004                     : HwiPCC32XX_nortos.c.obj (.text.HwiP_enable)
                  20011b14    00000004                     : HwiPCC32XX_nortos.c.obj (.text.HwiP_enableInterrupt)
                  20011b18    00000004                     : HwiPCC32XX_nortos.c.obj (.text.HwiP_post)
                  20011b1c    00000004     driverlib.a : interrupt.obj (.text.IntDefaultHandler)
                  20011b20    00000004     nortos_cc32xx.a : NoRTOS.c.obj (.text.NoRTOS_start)
                  20011b24    00000004     drivers_cc32xx.a : RingBuf.c.obj (.text.RingBuf_getCount)
                  20011b28    00000004     nortos_cc32xx.a : SemaphoreP_nortos.c.obj (.text.SemaphoreP_delete)
                  20011b2c    00000004     libclang_rt.builtins.a : aeabi_memcpy.S.obj (.text.__aeabi_memcpy)
                  20011b30    00000004     libc.a : pre_init.c.obj (.text._system_pre_init)
                  20011b34    00000004            : exit.c.obj (.text:abort)

.ramVecs   0    20000000    0000030c     NOLOAD SECTION
                  20000000    0000030c     nortos_cc32xx.a : startup_cc32xx_ticlang.c.obj (.ramVecs)

.stack     0    20003000    00001000     UNINITIALIZED
                  20003000    00000004     libc.a : boot_cortex_m.c.obj (.stack)
                  20003004    00000ffc     --HOLE--

.resetVecs 
*          0    20004000    00000040     
                  20004000    00000040     nortos_cc32xx.a : startup_cc32xx_ticlang.c.obj (.resetVecs)

.sysmem    0    20004040    00008000     UNINITIALIZED
                  20004040    00000010     libc.a : memory.c.obj (.sysmem)
                  20004050    00007ff0     --HOLE--

.bss       0    20011c00    00000a17     UNINITIALIZED
                  20011c00    00000400     ti_drivers_config.o (.bss.dmaControlTable)
                  20012000    00000178     (.common:uart2CC32XXObjects0)
                  20012178    0000012c     (.common:PowerCC32XX_contextSave)
                  200122a4    000000fc     (.common:i2cCC32XXObjects)
                  200123a0    00000084     (.common:gpioCallbackFunctions)
                  20012424    00000084     (.common:gpioUserArgs)
                  200124a8    00000084     (.common:timerCC32XXObjects)
                  2001252c    00000040     (.common:output)
                  2001256c    00000020     ti_drivers_config.o (.bss.uart2RxRingBuffer0)
                  2001258c    00000020     ti_drivers_config.o (.bss.uart2TxRingBuffer0)
                  200125ac    00000020     (.common:i2cTransaction)
                  200125cc    00000014     drivers_cc32xx.a : UDMACC32XX.c.obj (.bss.postNotifyObj)
                  200125e0    00000010     (.common:ClockP_ctrl)
                  200125f0    00000008     (.common:udmaCC3220SObject)
                  200125f8    00000004     nortos_cc32xx.a : ClockPSysTick_nortos.c.obj (.bss.sysTickPeriod)
                  200125fc    00000004     libc.a : memory.c.obj (.bss.sys_free)
                  20012600    00000004     drivers_cc32xx.a : TimerCC32XX.c.obj (.bss.timerState.0)
                  20012604    00000004     (.common:i2c)
                  20012608    00000004     (.common:temperature)
                  2001260c    00000004     (.common:timer0)
                  20012610    00000004     (.common:uart)
                  20012614    00000002     (.common:rxBuffer)
                  20012616    00000001     (.common:txBuffer)

.rodata    0    20012620    000006c5     
                  20012620    00000101     libc.a : aeabi_ctype.S.obj (.rodata:__aeabi_ctype_table_)
                  20012721    00000002     drivers_cc32xx.a : UART2CC32XX.c.obj (.rodata.stopBits)
                  20012723    00000001     ti_drivers_config.o (.rodata.GPIO_pinUpperBound)
                  20012724    00000100     driverlib.a : pin.obj (.rodata.g_ulPinToPadMap)
                  20012824    000000d4                 : interrupt.obj (.rodata.g_pulRegs)
                  200128f8    000000a8                 : prcm.obj (.rodata.PRCM_PeriphRegsList)
                  200129a0    00000048     gpiointerrupt.o (.rodata.str1.117259490511853709771)
                  200129e8    00000044     ti_drivers_config.o (.rodata.PowerCC32XX_config)
                  20012a2c    00000038     ti_drivers_config.o (.rodata.uart2CC32XXHWAttrs0)
                  20012a64    00000032     gpiointerrupt.o (.rodata.str1.59672170090002130734)
                  20012a96    00000001     ti_drivers_config.o (.rodata.I2C_count)
                  20012a97    00000001     ti_drivers_config.o (.rodata.Timer_count)
                  20012a98    00000028     drivers_cc32xx.a : GPIOCC32XX.c.obj (.rodata.portConfigs)
                  20012ac0    00000028     gpiointerrupt.o (.rodata.str1.2552335557485402981)
                  20012ae8    00000024     drivers_cc32xx.a : UART2.c.obj (.rodata.UART2_defaultParams)
                  20012b0c    00000021                      : GPIOCC32XX.c.obj (.rodata.pinTable)
                  20012b2d    00000021     gpiointerrupt.o (.rodata.str1.172639838942318644741)
                  20012b4e    00000001     ti_drivers_config.o (.rodata.UART2_count)
                  20012b4f    00000001     --HOLE-- [fill = 0]
                  20012b50    0000001b     gpiointerrupt.o (.rodata.str1.119337933097536889414)
                  20012b6b    00000001     --HOLE-- [fill = 0]
                  20012b6c    00000018     driverlib.a : interrupt.obj (.rodata.g_pulDisRegs)
                  20012b84    00000018                 : interrupt.obj (.rodata.g_pulEnRegs)
                  20012b9c    00000018                 : interrupt.obj (.rodata.g_pulPendRegs)
                  20012bb4    00000018                 : interrupt.obj (.rodata.g_pulUnpendRegs)
                  20012bcc    00000018     gpiointerrupt.o (.rodata.sensors)
                  20012be4    00000016     gpiointerrupt.o (.rodata.str1.88141095010518599421)
                  20012bfa    00000002     --HOLE-- [fill = 0]
                  20012bfc    00000014     ti_drivers_config.o (.rodata.i2cCC32XXHWAttrs)
                  20012c10    00000011     libc.a : _printfi.c.obj (.rodata.str1.11645776875810915891)
                  20012c21    00000011            : _printfi.c.obj (.rodata.str1.44690500295887128011)
                  20012c32    00000002     --HOLE-- [fill = 0]
                  20012c34    00000010     ti_drivers_config.o (.rodata.GPIO_config)
                  20012c44    00000010     drivers_cc32xx.a : I2CCC32XX.c.obj (.rodata.cst16)
                  20012c54    00000010     ti_drivers_config.o (.rodata.timerCC32XXHWAttrs)
                  20012c64    0000000d     gpiointerrupt.o (.rodata.str1.8099049698717124711)
                  20012c71    00000003     --HOLE-- [fill = 0]
                  20012c74    0000000c     drivers_cc32xx.a : Timer.c.obj (.rodata.defaultParams)
                  20012c80    0000000c                      : TimerCC32XX.c.obj (.rodata.defaultParams)
                  20012c8c    0000000c     ti_drivers_config.o (.rodata.udmaCC3220SHWAttrs)
                  20012c98    00000009     gpiointerrupt.o (.rodata.str1.149745159178111864794)
                  20012ca1    00000003     --HOLE-- [fill = 0]
                  20012ca4    00000009     gpiointerrupt.o (.rodata.str1.27667157146944505614)
                  20012cad    00000003     --HOLE-- [fill = 0]
                  20012cb0    00000008     ti_drivers_config.o (.rodata.I2C_config)
                  20012cb8    00000008     ti_drivers_config.o (.rodata.Timer_config)
                  20012cc0    00000008     ti_drivers_config.o (.rodata.UART2_config)
                  20012cc8    00000008     ti_drivers_config.o (.rodata.UDMACC32XX_config)
                  20012cd0    00000005     drivers_cc32xx.a : UART2CC32XX.c.obj (.rodata.parityType)
                  20012cd5    00000004                      : UART2CC32XX.c.obj (.rodata.cst4)
                  20012cd9    00000004     gpiointerrupt.o (.rodata.str1.48557138690711581961)
                  20012cdd    00000004     gpiointerrupt.o (.rodata.str1.75752999448730089091)
                  20012ce1    00000004     gpiointerrupt.o (.rodata.str1.99899187528894583921)

.cinit     0    20013390    000000fc     
                  20013390    000000d5     (.cinit..data.load) [load image, compression = lzss]
                  20013465    00000003     --HOLE-- [fill = 0]
                  20013468    0000000c     (__TI_handler_table)
                  20013474    00000008     (.cinit..bss.load) [load image, compression = zero_init]
                  2001347c    00000010     (__TI_cinit_table)

.init_array 
*          0    20004000    00000000     UNINITIALIZED

.data      0    20012ce8    000006a5     UNINITIALIZED
                  20012ce8    0000030c     nortos_cc32xx.a : HwiPCC32XX_nortos.c.obj (.data.HwiP_dispatchTable)
                  20012ff4    0000016c     drivers_cc32xx.a : PowerCC32XX.c.obj (.data.PowerCC32XX_module)
                  20013160    000000f8     ti_drivers_config.o (.data.parkInfo)
                  20013258    00000084     ti_drivers_config.o (.data.gpioPinConfigs)
                  200132dc    0000004c     nortos_cc32xx.a : SwiP_nortos.c.obj (.data..L_MergedGlobals)
                  20013328    00000018     drivers_cc32xx.a : GPIOCC32XX.c.obj (.data..L_MergedGlobals)
                  20013340    00000018     gpiointerrupt.o (.data..L_MergedGlobals)
                  20013358    00000010     nortos_cc32xx.a : SemaphoreP_nortos.c.obj (.data..L_MergedGlobals)
                  20013368    00000008     drivers_cc32xx.a : UDMACC32XX.c.obj (.data..L_MergedGlobals)
                  20013370    00000008     nortos_cc32xx.a : ClockPSysTick_nortos.c.obj (.data..L_MergedGlobals)
                  20013378    00000004                     : HwiPCC32XX_nortos.c.obj (.data.HwiP_swiPIntNum)
                  2001337c    00000004     libc.a : aeabi_portable.c.obj (.data.__aeabi_errno)
                  20013380    00000004            : _lock.c.obj (.data._lock)
                  20013384    00000004            : _lock.c.obj (.data._unlock)
                  20013388    00000001     drivers_cc32xx.a : GPIOCC32XX.c.obj (.data.initCalled)
                  20013389    00000001                      : GPIOCC32XX.c.obj (.data.portHwiCreatedBitMask)
                  2001338a    00000002     --HOLE--
                  2001338c    00000001     libc.a : memory.c.obj (.data.memory_is_initialized)

.log_data 
*          0    90000000    00000000     COPY SECTION

.log_ptr   0    94000008    00000000     COPY SECTION

__llvm_prf_cnts 
*          0    20004000    00000000     UNINITIALIZED

__llvm_prf_bits 
*          0    20004000    00000000     UNINITIALIZED

MODULE SUMMARY

       Module                         code    ro data   rw data
       ------                         ----    -------   -------
    .\
       gpiointerrupt.o                1002    311       139    
       main_nortos.o                  16      0         0      
    +--+------------------------------+-------+---------+---------+
       Total:                         1018    311       139    
                                                               
    .\syscfg\
       ti_drivers_config.o            34      224       2500   
    +--+------------------------------+-------+---------+---------+
       Total:                         34      224       2500   
                                                               
    C:/ti/simplelink_cc32xx_sdk_7_10_00_13/kernel/nortos/lib/ticlang/m4/nortos_cc32xx.a
       HwiPCC32XX_nortos.c.obj        308     0         784    
       startup_cc32xx_ticlang.c.obj   88      64        780    
       ClockPSysTick_nortos.c.obj     524     0         28     
       SemaphoreP_nortos.c.obj        392     0         16     
       PowerCC32XX_nortos.c.obj       404     0         0      
       SwiP_nortos.c.obj              84      0         76     
       NoRTOS.c.obj                   4       0         0      
    +--+------------------------------+-------+---------+---------+
       Total:                         1804    64        1684   
                                                               
    C:/ti/simplelink_cc32xx_sdk_7_10_00_13/source/ti/devices/cc32xx/driverlib/ticlang/Release/driverlib.a
       prcm.obj                       2564    168       0      
       interrupt.obj                  868     308       0      
       pin.obj                        750     256       0      
       udma.obj                       806     0         0      
       i2c.obj                        658     0         0      
       uart.obj                       490     0         0      
       gpio.obj                       388     0         0      
       timer.obj                      278     0         0      
       flash.obj                      92      0         0      
       systick.obj                    76      0         0      
       cpu.obj                        62      0         0      
       utils.obj                      8       0         0      
    +--+------------------------------+-------+---------+---------+
       Total:                         7040    732       0      
                                                               
    C:/ti/simplelink_cc32xx_sdk_7_10_00_13/source/ti/drivers/lib/ticlang/m4/drivers_cc32xx.a
       PowerCC32XX.c.obj              2052    0         664    
       UART2CC32XX.c.obj              2198    11        0      
       I2CCC32XX.c.obj                1242    16        0      
       GPIOCC32XX.c.obj               960     73        26     
       TimerCC32XX.c.obj              880     12        4      
       UART2.c.obj                    762     36        0      
       I2C.c.obj                      366     0         0      
       RingBuf.c.obj                  272     0         0      
       UDMACC32XX.c.obj               242     0         28     
       Timer.c.obj                    150     12        0      
       PowerCC32XX_ticlang.asm.obj    150     0         0      
       List.c.obj                     76      0         0      
       GPIO.c.obj                     28      0         0      
    +--+------------------------------+-------+---------+---------+
       Total:                         9378    160       722    
                                                               
    C:\ti\ccs1250\ccs\tools\compiler\ti-cgt-armllvm_3.2.0.LTS\lib\armv7em-ti-none-eabi/c/libc.a
       _printfi.c.obj                 2170    34        0      
       memory.c.obj                   712     0         5      
       aeabi_ctype.S.obj              0       257       0      
       snprintf.c.obj                 140     0         0      
       copy_decompress_lzss.c.obj     112     0         0      
       atoi.c.obj                     64      0         0      
       autoinit.c.obj                 56      0         0      
       boot_cortex_m.c.obj            36      0         0      
       memccpy.c.obj                  30      0         0      
       memcpy_t2.S.obj                18      0         0      
       copy_zero_init.c.obj           16      0         0      
       wcslen.c.obj                   16      0         0      
       copy_decompress_none.c.obj     14      0         0      
       memset_t2.S.obj                14      0         0      
       aeabi_portable.c.obj           8       0         4      
       _lock.c.obj                    2       0         8      
       exit.c.obj                     4       0         0      
       pre_init.c.obj                 4       0         0      
    +--+------------------------------+-------+---------+---------+
       Total:                         3416    291       17     
                                                               
    C:\ti\ccs1250\ccs\tools\compiler\ti-cgt-armllvm_3.2.0.LTS\lib\clang/15.0.7/lib/armv7em-ti-none-eabi/libclang_rt.builtins.a
       muldf3.S.obj                   252     0         0      
       udivmoddi4.S.obj               176     0         0      
       fixdfsi.S.obj                  72      0         0      
       floatsidf.S.obj                46      0         0      
       aeabi_uldivmod.S.obj           20      0         0      
       aeabi_memset.S.obj             18      0         0      
       aeabi_memcpy.S.obj             4       0         0      
       aeabi_div0.c.obj               2       0         0      
    +--+------------------------------+-------+---------+---------+
       Total:                         590     0         0      
                                                               
       Heap:                          0       0         32768  
       Stack:                         0       0         4096   
       Linker Generated:              0       249       0      
    +--+------------------------------+-------+---------+---------+
       Grand Total:                   23280   2031      41926  


LINKER GENERATED COPY TABLES

__TI_cinit_table @ 2001347c records: 2, size/record: 8, table size: 16
	.data: load addr=20013390, load size=000000d5 bytes, run addr=20012ce8, run size=000006a5 bytes, compression=lzss
	.bss: load addr=20013474, load size=00000008 bytes, run addr=20011c00, run size=00000a17 bytes, compression=zero_init


LINKER GENERATED HANDLER TABLE

__TI_handler_table @ 20013468 records: 3, size/record: 4, table size: 12
	index: 0, handler: __TI_decompress_lzss
	index: 1, handler: __TI_decompress_none
	index: 2, handler: __TI_zero_init


GLOBAL SYMBOLS: SORTED ALPHABETICALLY BY Name 

address   name                             
-------   ----                             
2001152f  Board_init                       
2000d36b  Board_initHook                   
20011b34  C$$EXIT                          
20011621  CPUcpsid                         
20011635  CPUcpsie                         
20011a55  CPUprimask                       
2000ef85  CPUwfi                           
20011739  ClockP_add                       
200125e0  ClockP_ctrl                      
20010779  ClockP_destruct                  
20011b05  ClockP_doTick                    
20011811  ClockP_getCpuFreq                
20011821  ClockP_getSystemTicks            
20010b0d  ClockP_getTicksUntilInterrupt    
20011a5f  ClockP_isActive                  
20011831  ClockP_setTicks                  
2001096d  ClockP_start                     
2000fb6d  ClockP_startup                   
200106c5  ClockP_stop                      
20010021  ClockP_sysTickHandler            
20013374  ClockP_tickPeriod                
2000f9a1  FlashDisable                     
2001025b  GPIODirModeSet                   
2001174b  GPIOIntClear                     
20011431  GPIOIntDisable                   
200114e7  GPIOIntEnable                    
20010c8d  GPIOIntStatus                    
2000eb21  GPIOIntTypeSet                   
2001114d  GPIOPinWrite                     
20012c34  GPIO_config                      
200102a1  GPIO_disableInt                  
200102e5  GPIO_enableInt                   
2000fd1d  GPIO_hwiIntFxn                   
2000f0b9  GPIO_init                        
20012723  GPIO_pinUpperBound               
20011389  GPIO_setCallback                 
2000dad1  GPIO_setConfig                   
2000fe5d  GPIO_setInterruptConfig          
2000f8e1  GPIO_write                       
2001175d  HwiP_Params_init                 
20011b09  HwiP_clearInterrupt              
2000f355  HwiP_construct                   
20010df9  HwiP_create                      
2001176f  HwiP_delete                      
20011649  HwiP_destruct                    
20011aa5  HwiP_disable                     
20011b0d  HwiP_disableInterrupt            
200113a5  HwiP_dispatch                    
20011b11  HwiP_enable                      
20011b15  HwiP_enableInterrupt             
20011841  HwiP_inISR                       
20011931  HwiP_interruptsEnabled           
20011b19  HwiP_post                        
20011aad  HwiP_restore                     
20013378  HwiP_swiPIntNum                  
20010b3d  I2CFIFODataGetNonBlocking        
200109a1  I2CFIFODataPutNonBlocking        
2001193f  I2CFIFOStatus                    
20011545  I2CMasterBurstLengthSet          
20010ea1  I2CMasterBusBusy                 
20011851  I2CMasterControl                 
20011781  I2CMasterDisable                 
20011793  I2CMasterEnable                  
2000ee53  I2CMasterInitExpClk              
20011861  I2CMasterIntClearEx              
2001155b  I2CMasterIntDisableEx            
2001165d  I2CMasterIntEnableEx             
20010d73  I2CMasterIntStatusEx             
20010ec9  I2CMasterSlaveAddrSet            
20011871  I2CMasterTimeoutSet              
20011009  I2CRxFIFOConfigSet               
20011571  I2CRxFIFOFlush                   
20011abd  I2CSupport_controllerFinish      
20011aed  I2CSupport_powerRelConstraint    
20011af3  I2CSupport_powerSetConstraint    
2000f9fd  I2CSupport_primeTransfer         
20010ef1  I2CTxFIFOConfigSet               
20011587  I2CTxFIFOFlush                   
200119ad  I2C_Params_init                  
20010f19  I2C_cancel                       
20012cb0  I2C_config                       
20012a96  I2C_count                        
2000de6f  I2C_init                         
2000e4c9  I2C_open                         
200117a5  I2C_transfer                     
2000dd49  I2C_transferTimeout              
UNDEFED   ITM_flush                        
UNDEFED   ITM_restore                      
2000e765  IntDisable                       
2000e82d  IntEnable                        
20011a69  IntMasterDisable                 
20011a73  IntMasterEnable                  
2000f811  IntPendClear                     
2000ebcd  IntPendSet                       
2000fbc5  IntPrioritySet                   
200111d5  IntRegister                      
2001102d  IntUnregister                    
20011671  IntVTableBaseSet                 
20011051  List_put                         
20010f41  List_remove                      
20011b21  NoRTOS_start                     
2000c8ad  PRCMCC3200MCUInit                
2001144b  PRCMHIBRegRead                   
20011465  PRCMHIBRegWrite                  
2000f3c9  PRCMHibernateWakeUpGPIOSelect    
2000fa59  PRCMHibernateWakeupSourceDisable 
2000fd6d  PRCMHibernateWakeupSourceEnable  
20010069  PRCMIntEnable                    
2000fc1d  PRCMLPDSEnter                    
200101cf  PRCMLPDSEnterKeepDebugIf         
20010b6d  PRCMLPDSIntervalSet              
2000fea9  PRCMLPDSRestoreInfoSet           
20010e23  PRCMLPDSWakeUpGPIOSelect         
200119d1  PRCMLPDSWakeupCauseGet           
2001147f  PRCMLPDSWakeupSourceDisable      
20011075  PRCMLPDSWakeupSourceEnable       
20010e4d  PRCMPeripheralClkDisable         
2000fb11  PRCMPeripheralClkEnable          
2000f73d  PRCMPeripheralReset              
200100b1  PRCMPeripheralStatusGet          
20010f69  PRCMSRAMRetentionEnable          
20011ac5  PRCMSleepEnter                   
20010b9d  PRCMSlowClkCtrFastGet            
2000f149  PRCMSysResetCauseGet             
200100f9  PinConfigGet                     
2000ed15  PinConfigSet                     
200109d5  PinDirModeGet                    
20010685  PinDirModeSet                    
200108c9  PinLock                          
2000f521  PinLockLevelSet                  
20010a09  PinModeGet                       
2001047d  PinModeSet                       
20011499  PinToPadGet                      
200111f5  PinTypeI2C                       
200112b5  PinTypeUART                      
2001116f  PinUnlock                        
200129e8  PowerCC32XX_config               
2000f1d9  PowerCC32XX_configureWakeup      
20012178  PowerCC32XX_contextSave          
2000ef91  PowerCC32XX_enterLPDS            
20010f91  PowerCC32XX_getParkState         
2000eeeb  PowerCC32XX_initPolicy           
20012ff4  PowerCC32XX_module               
20010a3d  PowerCC32XX_parkPin              
20011215  PowerCC32XX_reset                
20011099  PowerCC32XX_restoreParkState     
200110bd  PowerCC32XX_restoreParkedPin     
2000efd5  PowerCC32XX_resumeLPDS           
2000fc75  PowerCC32XX_setParkState         
2000d839  PowerCC32XX_sleepPolicy          
20011685  Power_disablePolicy              
20011881  Power_enablePolicy               
200119dd  Power_getConstraintMask          
20011699  Power_getTransitionLatency       
200116ad  Power_idleFunc                   
2000f2dd  Power_init                       
200110e1  Power_registerNotify             
20010329  Power_releaseConstraint          
2000fcc9  Power_releaseDependency          
200107b1  Power_setConstraint              
2000f58d  Power_setDependency              
2000cd65  Power_sleep                      
20011235  Power_unregisterNotify           
20011891  RingBuf_construct                
20010cbb  RingBuf_getConsume               
20011b25  RingBuf_getCount                 
20011191  RingBuf_getPointer               
20010215  RingBuf_put                      
200107e9  RingBuf_putAdvance               
20010ce9  RingBuf_putPointer               
2000fdbd  SemaphoreP_construct             
20011255  SemaphoreP_constructBinary       
200114ff  SemaphoreP_create                
20011275  SemaphoreP_createBinary          
20013360  SemaphoreP_defaultParams         
20011b29  SemaphoreP_delete                
2000f1d7  SemaphoreP_destruct              
2000eeed  SemaphoreP_pend                  
20010585  SemaphoreP_post                  
200113c1  SwiP_disable                     
20010821  SwiP_restore                     
200117b7  SysTickEnable                    
200117c9  SysTickIntDisable                
200117db  SysTickIntEnable                 
2001159d  SysTickPeriodSet                 
200117ff  TI_memcpy_small                  
20011985  TI_memset_small                  
2000fab5  TimerCC32XX_allocateTimerResource
20010a71  TimerCC32XX_freeTimerResource    
200104bf  TimerControlStall                
20011295  TimerDisable                     
200114b3  TimerEnable                      
20013342  TimerFlag                        
200118a1  TimerIntClear                    
200115b3  TimerIntDisable                  
200116c1  TimerIntEnable                   
20010bcd  TimerLoadSet                     
20010bfd  TimerPrescaleSet                 
20010fb9  TimerSupport_timerDisable        
2001073d  TimerSupport_timerEnable         
200118b1  Timer_Params_init                
20010501  Timer_close                      
20012cb8  Timer_config                     
20012a97  Timer_count                      
2000f2db  Timer_init                       
2000d989  Timer_open                       
2001036d  Timer_start                      
200105c5  Timer_stop                       
20011105  UART2Support_disableRx           
200119f5  UART2Support_disableTx           
2000e699  UART2Support_dmaStartRx          
2000e9b9  UART2Support_dmaStartTx          
2000ff41  UART2Support_dmaStopRx           
2000f941  UART2Support_dmaStopTx           
20011a01  UART2Support_enableTx            
20011aff  UART2Support_powerRelConstraint  
200111b3  UART2Support_sendData            
200118c1  UART2Support_txDone              
20011a0d  UART2_Params_init                
2000e5b1  UART2_close                      
20012cc0  UART2_config                     
20012b4e  UART2_count                      
20012ae8  UART2_defaultParams              
2000d36d  UART2_open                       
20010aa5  UART2_rxDisable                  
2001194d  UART2_write                      
200112d3  UART2_writeTimeout               
2000d6c5  UART2_writeTimeoutBlocking       
2000e0b1  UART2_writeTimeoutNonblocking    
200118d1  UARTBusy                         
20010935  UARTCharPutNonBlocking           
200115c9  UARTCharsAvail                   
2000f43d  UARTConfigSetExpClk              
200115df  UARTDMADisable                   
200116d5  UARTDMAEnable                    
20010d17  UARTDisable                      
200112f1  UARTEnable                       
200115f5  UARTFIFOLevelSet                 
200114cd  UARTFlowControlSet               
200118e1  UARTIntClear                     
2001160b  UARTIntDisable                   
200116e9  UARTIntEnable                    
20010e77  UARTIntStatus                    
200118f1  UARTRxErrorGet                   
20010859  UDMACC32XX_close                 
20012cc8  UDMACC32XX_config                
20010701  UDMACC32XX_init                  
2000f5f9  UDMACC32XX_open                  
20011acd  UtilsDelay                       
20004000  __STACK_END                      
00001000  __STACK_SIZE                     
00008000  __SYSMEM_SIZE                    
00000000  __TI_ATRegion0_region_sz         
00000000  __TI_ATRegion0_src_addr          
00000000  __TI_ATRegion0_trg_addr          
00000000  __TI_ATRegion1_region_sz         
00000000  __TI_ATRegion1_src_addr          
00000000  __TI_ATRegion1_trg_addr          
00000000  __TI_ATRegion2_region_sz         
00000000  __TI_ATRegion2_src_addr          
00000000  __TI_ATRegion2_trg_addr          
2001347c  __TI_CINIT_Base                  
2001348c  __TI_CINIT_Limit                 
2001348c  __TI_CINIT_Warm                  
20013468  __TI_Handler_Table_Base          
20013474  __TI_Handler_Table_Limit         
20010891  __TI_auto_init_nobinit_nopinit   
2000f4b1  __TI_decompress_lzss             
20011993  __TI_decompress_none             
ffffffff  __TI_pprof_out_hndl              
2000c041  __TI_printfi_nofloat             
ffffffff  __TI_prof_data_size              
ffffffff  __TI_prof_data_start             
20013390  __TI_static_base__               
20011921  __TI_zero_init                   
20012620  __aeabi_ctype_table_             
20012620  __aeabi_ctype_table_C            
20010141  __aeabi_d2iz                     
2000e2dd  __aeabi_dmul                     
2001337c  __aeabi_errno                    
20011ad5  __aeabi_errno_addr               
20010d45  __aeabi_i2d                      
2000f8df  __aeabi_ldiv0                    
20011add  __aeabi_memclr                   
20011add  __aeabi_memclr4                  
20011add  __aeabi_memclr8                  
20011b2d  __aeabi_memcpy                   
20011b2d  __aeabi_memcpy4                  
20011b2d  __aeabi_memcpy8                  
20011a91  __aeabi_memset                   
20011a91  __aeabi_memset4                  
20011a91  __aeabi_memset8                  
200116fd  __aeabi_uldivmod                 
ffffffff  __binit__                        
20010141  __fixdfsi                        
20010d45  __floatsidf                      
UNDEFED   __mpu_init                       
2000e2dd  __muldf3                         
20003000  __stack                          
20004000  __start___llvm_prf_bits          
20004000  __start___llvm_prf_cnts          
20004000  __stop___llvm_prf_bits           
20004000  __stop___llvm_prf_cnts           
2000ea71  __udivmoddi4                     
20011129  _c_int00_noargs                  
20013380  _lock                            
2000fb6b  _nop                             
20004040  _sys_memory                      
UNDEFED   _system_post_cinit               
20011b31  _system_pre_init                 
20013384  _unlock                          
20011b35  abort                            
2000de71  aligned_alloc                    
20010605  atoi                             
ffffffff  binit                            
20013354  bytesWritten                     
2000fe5b  clkFxn                           
2000e3d9  free                             
20011a19  gpioButtonFxn0                   
20011a25  gpioButtonFxn1                   
200123a0  gpioCallbackFunctions            
20013258  gpioPinConfigs                   
20012424  gpioUserArgs                     
20013348  heat                             
20012604  i2c                              
20012bfc  i2cCC32XXHWAttrs                 
200122a4  i2cCC32XXObjects                 
200125ac  i2cTransaction                   
2000d539  initI2C                          
200103f5  initTimer                        
20010dcd  initUART                         
20010ad9  initVectors                      
20011901  main                             
2000df91  mainThread                       
20011ae5  malloc                           
2000de71  memalign                         
2001130f  memccpy                          
2001252c  output                           
20013160  parkInfo                         
20013340  pressed_down                     
20013341  pressed_up                       
2000ec71  readTemp                         
20011415  resetISR                         
20012614  rxBuffer                         
2001334c  seconds                          
20013344  setpoint                         
20010439  snprintf                         
20012608  temperature                      
20013350  timer                            
2001260c  timer0                           
20012c54  timerCC32XXHWAttrs               
200124a8  timerCC32XXObjects               
20011a3d  timerCallback                    
20012616  txBuffer                         
2000fe0d  uDMAChannelAssign                
2000f027  uDMAChannelAttributeDisable      
20010645  uDMAChannelControlSet            
2001132d  uDMAChannelDisable               
2001134b  uDMAChannelEnable                
20011369  uDMAChannelIsEnabled             
2000ffd5  uDMAChannelSizeGet               
2000e1cb  uDMAChannelTransferSet           
20011711  uDMAControlBaseSet               
20011969  uDMAEnable                       
20011977  uDMAErrorStatusClear             
20011a49  uDMAErrorStatusGet               
20011725  uDMAIntClear                     
20012610  uart                             
20012000  uart2CC32XXObjects0              
20012c8c  udmaCC3220SHWAttrs               
200125f0  udmaCC3220SObject                
20011911  wcslen                           


GLOBAL SYMBOLS: SORTED BY Symbol Address 

address   name                             
-------   ----                             
00000000  __TI_ATRegion0_region_sz         
00000000  __TI_ATRegion0_src_addr          
00000000  __TI_ATRegion0_trg_addr          
00000000  __TI_ATRegion1_region_sz         
00000000  __TI_ATRegion1_src_addr          
00000000  __TI_ATRegion1_trg_addr          
00000000  __TI_ATRegion2_region_sz         
00000000  __TI_ATRegion2_src_addr          
00000000  __TI_ATRegion2_trg_addr          
00001000  __STACK_SIZE                     
00008000  __SYSMEM_SIZE                    
20003000  __stack                          
20004000  __STACK_END                      
20004000  __start___llvm_prf_bits          
20004000  __start___llvm_prf_cnts          
20004000  __stop___llvm_prf_bits           
20004000  __stop___llvm_prf_cnts           
20004040  _sys_memory                      
2000c041  __TI_printfi_nofloat             
2000c8ad  PRCMCC3200MCUInit                
2000cd65  Power_sleep                      
2000d36b  Board_initHook                   
2000d36d  UART2_open                       
2000d539  initI2C                          
2000d6c5  UART2_writeTimeoutBlocking       
2000d839  PowerCC32XX_sleepPolicy          
2000d989  Timer_open                       
2000dad1  GPIO_setConfig                   
2000dd49  I2C_transferTimeout              
2000de6f  I2C_init                         
2000de71  aligned_alloc                    
2000de71  memalign                         
2000df91  mainThread                       
2000e0b1  UART2_writeTimeoutNonblocking    
2000e1cb  uDMAChannelTransferSet           
2000e2dd  __aeabi_dmul                     
2000e2dd  __muldf3                         
2000e3d9  free                             
2000e4c9  I2C_open                         
2000e5b1  UART2_close                      
2000e699  UART2Support_dmaStartRx          
2000e765  IntDisable                       
2000e82d  IntEnable                        
2000e9b9  UART2Support_dmaStartTx          
2000ea71  __udivmoddi4                     
2000eb21  GPIOIntTypeSet                   
2000ebcd  IntPendSet                       
2000ec71  readTemp                         
2000ed15  PinConfigSet                     
2000ee53  I2CMasterInitExpClk              
2000eeeb  PowerCC32XX_initPolicy           
2000eeed  SemaphoreP_pend                  
2000ef85  CPUwfi                           
2000ef91  PowerCC32XX_enterLPDS            
2000efd5  PowerCC32XX_resumeLPDS           
2000f027  uDMAChannelAttributeDisable      
2000f0b9  GPIO_init                        
2000f149  PRCMSysResetCauseGet             
2000f1d7  SemaphoreP_destruct              
2000f1d9  PowerCC32XX_configureWakeup      
2000f2db  Timer_init                       
2000f2dd  Power_init                       
2000f355  HwiP_construct                   
2000f3c9  PRCMHibernateWakeUpGPIOSelect    
2000f43d  UARTConfigSetExpClk              
2000f4b1  __TI_decompress_lzss             
2000f521  PinLockLevelSet                  
2000f58d  Power_setDependency              
2000f5f9  UDMACC32XX_open                  
2000f73d  PRCMPeripheralReset              
2000f811  IntPendClear                     
2000f8df  __aeabi_ldiv0                    
2000f8e1  GPIO_write                       
2000f941  UART2Support_dmaStopTx           
2000f9a1  FlashDisable                     
2000f9fd  I2CSupport_primeTransfer         
2000fa59  PRCMHibernateWakeupSourceDisable 
2000fab5  TimerCC32XX_allocateTimerResource
2000fb11  PRCMPeripheralClkEnable          
2000fb6b  _nop                             
2000fb6d  ClockP_startup                   
2000fbc5  IntPrioritySet                   
2000fc1d  PRCMLPDSEnter                    
2000fc75  PowerCC32XX_setParkState         
2000fcc9  Power_releaseDependency          
2000fd1d  GPIO_hwiIntFxn                   
2000fd6d  PRCMHibernateWakeupSourceEnable  
2000fdbd  SemaphoreP_construct             
2000fe0d  uDMAChannelAssign                
2000fe5b  clkFxn                           
2000fe5d  GPIO_setInterruptConfig          
2000fea9  PRCMLPDSRestoreInfoSet           
2000ff41  UART2Support_dmaStopRx           
2000ffd5  uDMAChannelSizeGet               
20010021  ClockP_sysTickHandler            
20010069  PRCMIntEnable                    
200100b1  PRCMPeripheralStatusGet          
200100f9  PinConfigGet                     
20010141  __aeabi_d2iz                     
20010141  __fixdfsi                        
200101cf  PRCMLPDSEnterKeepDebugIf         
20010215  RingBuf_put                      
2001025b  GPIODirModeSet                   
200102a1  GPIO_disableInt                  
200102e5  GPIO_enableInt                   
20010329  Power_releaseConstraint          
2001036d  Timer_start                      
200103f5  initTimer                        
20010439  snprintf                         
2001047d  PinModeSet                       
200104bf  TimerControlStall                
20010501  Timer_close                      
20010585  SemaphoreP_post                  
200105c5  Timer_stop                       
20010605  atoi                             
20010645  uDMAChannelControlSet            
20010685  PinDirModeSet                    
200106c5  ClockP_stop                      
20010701  UDMACC32XX_init                  
2001073d  TimerSupport_timerEnable         
20010779  ClockP_destruct                  
200107b1  Power_setConstraint              
200107e9  RingBuf_putAdvance               
20010821  SwiP_restore                     
20010859  UDMACC32XX_close                 
20010891  __TI_auto_init_nobinit_nopinit   
200108c9  PinLock                          
20010935  UARTCharPutNonBlocking           
2001096d  ClockP_start                     
200109a1  I2CFIFODataPutNonBlocking        
200109d5  PinDirModeGet                    
20010a09  PinModeGet                       
20010a3d  PowerCC32XX_parkPin              
20010a71  TimerCC32XX_freeTimerResource    
20010aa5  UART2_rxDisable                  
20010ad9  initVectors                      
20010b0d  ClockP_getTicksUntilInterrupt    
20010b3d  I2CFIFODataGetNonBlocking        
20010b6d  PRCMLPDSIntervalSet              
20010b9d  PRCMSlowClkCtrFastGet            
20010bcd  TimerLoadSet                     
20010bfd  TimerPrescaleSet                 
20010c8d  GPIOIntStatus                    
20010cbb  RingBuf_getConsume               
20010ce9  RingBuf_putPointer               
20010d17  UARTDisable                      
20010d45  __aeabi_i2d                      
20010d45  __floatsidf                      
20010d73  I2CMasterIntStatusEx             
20010dcd  initUART                         
20010df9  HwiP_create                      
20010e23  PRCMLPDSWakeUpGPIOSelect         
20010e4d  PRCMPeripheralClkDisable         
20010e77  UARTIntStatus                    
20010ea1  I2CMasterBusBusy                 
20010ec9  I2CMasterSlaveAddrSet            
20010ef1  I2CTxFIFOConfigSet               
20010f19  I2C_cancel                       
20010f41  List_remove                      
20010f69  PRCMSRAMRetentionEnable          
20010f91  PowerCC32XX_getParkState         
20010fb9  TimerSupport_timerDisable        
20011009  I2CRxFIFOConfigSet               
2001102d  IntUnregister                    
20011051  List_put                         
20011075  PRCMLPDSWakeupSourceEnable       
20011099  PowerCC32XX_restoreParkState     
200110bd  PowerCC32XX_restoreParkedPin     
200110e1  Power_registerNotify             
20011105  UART2Support_disableRx           
20011129  _c_int00_noargs                  
2001114d  GPIOPinWrite                     
2001116f  PinUnlock                        
20011191  RingBuf_getPointer               
200111b3  UART2Support_sendData            
200111d5  IntRegister                      
200111f5  PinTypeI2C                       
20011215  PowerCC32XX_reset                
20011235  Power_unregisterNotify           
20011255  SemaphoreP_constructBinary       
20011275  SemaphoreP_createBinary          
20011295  TimerDisable                     
200112b5  PinTypeUART                      
200112d3  UART2_writeTimeout               
200112f1  UARTEnable                       
2001130f  memccpy                          
2001132d  uDMAChannelDisable               
2001134b  uDMAChannelEnable                
20011369  uDMAChannelIsEnabled             
20011389  GPIO_setCallback                 
200113a5  HwiP_dispatch                    
200113c1  SwiP_disable                     
20011415  resetISR                         
20011431  GPIOIntDisable                   
2001144b  PRCMHIBRegRead                   
20011465  PRCMHIBRegWrite                  
2001147f  PRCMLPDSWakeupSourceDisable      
20011499  PinToPadGet                      
200114b3  TimerEnable                      
200114cd  UARTFlowControlSet               
200114e7  GPIOIntEnable                    
200114ff  SemaphoreP_create                
2001152f  Board_init                       
20011545  I2CMasterBurstLengthSet          
2001155b  I2CMasterIntDisableEx            
20011571  I2CRxFIFOFlush                   
20011587  I2CTxFIFOFlush                   
2001159d  SysTickPeriodSet                 
200115b3  TimerIntDisable                  
200115c9  UARTCharsAvail                   
200115df  UARTDMADisable                   
200115f5  UARTFIFOLevelSet                 
2001160b  UARTIntDisable                   
20011621  CPUcpsid                         
20011635  CPUcpsie                         
20011649  HwiP_destruct                    
2001165d  I2CMasterIntEnableEx             
20011671  IntVTableBaseSet                 
20011685  Power_disablePolicy              
20011699  Power_getTransitionLatency       
200116ad  Power_idleFunc                   
200116c1  TimerIntEnable                   
200116d5  UARTDMAEnable                    
200116e9  UARTIntEnable                    
200116fd  __aeabi_uldivmod                 
20011711  uDMAControlBaseSet               
20011725  uDMAIntClear                     
20011739  ClockP_add                       
2001174b  GPIOIntClear                     
2001175d  HwiP_Params_init                 
2001176f  HwiP_delete                      
20011781  I2CMasterDisable                 
20011793  I2CMasterEnable                  
200117a5  I2C_transfer                     
200117b7  SysTickEnable                    
200117c9  SysTickIntDisable                
200117db  SysTickIntEnable                 
200117ff  TI_memcpy_small                  
20011811  ClockP_getCpuFreq                
20011821  ClockP_getSystemTicks            
20011831  ClockP_setTicks                  
20011841  HwiP_inISR                       
20011851  I2CMasterControl                 
20011861  I2CMasterIntClearEx              
20011871  I2CMasterTimeoutSet              
20011881  Power_enablePolicy               
20011891  RingBuf_construct                
200118a1  TimerIntClear                    
200118b1  Timer_Params_init                
200118c1  UART2Support_txDone              
200118d1  UARTBusy                         
200118e1  UARTIntClear                     
200118f1  UARTRxErrorGet                   
20011901  main                             
20011911  wcslen                           
20011921  __TI_zero_init                   
20011931  HwiP_interruptsEnabled           
2001193f  I2CFIFOStatus                    
2001194d  UART2_write                      
20011969  uDMAEnable                       
20011977  uDMAErrorStatusClear             
20011985  TI_memset_small                  
20011993  __TI_decompress_none             
200119ad  I2C_Params_init                  
200119d1  PRCMLPDSWakeupCauseGet           
200119dd  Power_getConstraintMask          
200119f5  UART2Support_disableTx           
20011a01  UART2Support_enableTx            
20011a0d  UART2_Params_init                
20011a19  gpioButtonFxn0                   
20011a25  gpioButtonFxn1                   
20011a3d  timerCallback                    
20011a49  uDMAErrorStatusGet               
20011a55  CPUprimask                       
20011a5f  ClockP_isActive                  
20011a69  IntMasterDisable                 
20011a73  IntMasterEnable                  
20011a91  __aeabi_memset                   
20011a91  __aeabi_memset4                  
20011a91  __aeabi_memset8                  
20011aa5  HwiP_disable                     
20011aad  HwiP_restore                     
20011abd  I2CSupport_controllerFinish      
20011ac5  PRCMSleepEnter                   
20011acd  UtilsDelay                       
20011ad5  __aeabi_errno_addr               
20011add  __aeabi_memclr                   
20011add  __aeabi_memclr4                  
20011add  __aeabi_memclr8                  
20011ae5  malloc                           
20011aed  I2CSupport_powerRelConstraint    
20011af3  I2CSupport_powerSetConstraint    
20011aff  UART2Support_powerRelConstraint  
20011b05  ClockP_doTick                    
20011b09  HwiP_clearInterrupt              
20011b0d  HwiP_disableInterrupt            
20011b11  HwiP_enable                      
20011b15  HwiP_enableInterrupt             
20011b19  HwiP_post                        
20011b21  NoRTOS_start                     
20011b25  RingBuf_getCount                 
20011b29  SemaphoreP_delete                
20011b2d  __aeabi_memcpy                   
20011b2d  __aeabi_memcpy4                  
20011b2d  __aeabi_memcpy8                  
20011b31  _system_pre_init                 
20011b34  C$$EXIT                          
20011b35  abort                            
20012000  uart2CC32XXObjects0              
20012178  PowerCC32XX_contextSave          
200122a4  i2cCC32XXObjects                 
200123a0  gpioCallbackFunctions            
20012424  gpioUserArgs                     
200124a8  timerCC32XXObjects               
2001252c  output                           
200125ac  i2cTransaction                   
200125e0  ClockP_ctrl                      
200125f0  udmaCC3220SObject                
20012604  i2c                              
20012608  temperature                      
2001260c  timer0                           
20012610  uart                             
20012614  rxBuffer                         
20012616  txBuffer                         
20012620  __aeabi_ctype_table_             
20012620  __aeabi_ctype_table_C            
20012723  GPIO_pinUpperBound               
200129e8  PowerCC32XX_config               
20012a96  I2C_count                        
20012a97  Timer_count                      
20012ae8  UART2_defaultParams              
20012b4e  UART2_count                      
20012bfc  i2cCC32XXHWAttrs                 
20012c34  GPIO_config                      
20012c54  timerCC32XXHWAttrs               
20012c8c  udmaCC3220SHWAttrs               
20012cb0  I2C_config                       
20012cb8  Timer_config                     
20012cc0  UART2_config                     
20012cc8  UDMACC32XX_config                
20012ff4  PowerCC32XX_module               
20013160  parkInfo                         
20013258  gpioPinConfigs                   
20013340  pressed_down                     
20013341  pressed_up                       
20013342  TimerFlag                        
20013344  setpoint                         
20013348  heat                             
2001334c  seconds                          
20013350  timer                            
20013354  bytesWritten                     
20013360  SemaphoreP_defaultParams         
20013374  ClockP_tickPeriod                
20013378  HwiP_swiPIntNum                  
2001337c  __aeabi_errno                    
20013380  _lock                            
20013384  _unlock                          
20013390  __TI_static_base__               
20013468  __TI_Handler_Table_Base          
20013474  __TI_Handler_Table_Limit         
2001347c  __TI_CINIT_Base                  
2001348c  __TI_CINIT_Limit                 
2001348c  __TI_CINIT_Warm                  
ffffffff  __TI_pprof_out_hndl              
ffffffff  __TI_prof_data_size              
ffffffff  __TI_prof_data_start             
ffffffff  __binit__                        
ffffffff  binit                            
UNDEFED   ITM_flush                        
UNDEFED   ITM_restore                      
UNDEFED   __mpu_init                       
UNDEFED   _system_post_cinit               

[372 symbols]
